[www.bahayogi.com/index.html]
[static.wixstatic.com/media/8b8024_c205e15a631a4e848714c8008f4fb5b6_mv2.png/v1/fill/w_32,h_32,lg_1,usm_0.66_1.00_0.01/8b8024_c205e15a631a4e848714c8008f4fb5b6_mv2.0]
[static.parastorage.com/unpkg/core-js-bundle@3.2.1/minified.js]
[static.parastorage.com/unpkg/focus-within-polyfill@5.0.9/dist/focus-within-polyfill.js]
[backblue.gif]
[fade.gif]
[index.html]
[polyfill.io/v3/polyfill.mind82c.js]
[browser.sentry-cdn.com/6.18.2/bundle.min.js]
[www.bahayogi.com/decodeURIComponent(e.5.delayed]
[www.bahayogi.com/sitemap.xml]
[www.bahayogi.com/feed.7.delayed]
[static.parastorage.com/services/wix-thunderbolt/dist/ab-test-compilation/thunderbolt-commons.7ca534fa.bundle.min.js]
[static.parastorage.com/services/wix-thunderbolt/dist/ab-test-compilation/main.c16c2c7f.bundle.min.js]
[static.parastorage.com/unpkg/lodash@4.17.21/lodash.min.js]
[static.parastorage.com/unpkg/react@16.14.0/umd/react.production.min.js]
[static.parastorage.com/services/tag-manager-client/1.427.0/siteTags.bundle.min.js]
[static.parastorage.com/services/wix-perf-measure/1.1042.0/wix-perf-measure.bundle.min.js]
[static.parastorage.com/unpkg/react-dom@16.14.0/umd/react-dom.production.min.js]
[www.bahayogi.com/b604fd33.min.f.delayed]
[www.bahayogi.com/02b07b80.min.10.delayed]
[www.bahayogi.com/9455f099.min.11.delayed]
[www.bahayogi.com/caeea34d.min.12.delayed]
[www.bahayogi.com/45eee88d.min.13.delayed]
[www.bahayogi.com/99a6a99f.min.14.delayed]
[www.bahayogi.com/7a36fe10.chunk.min.15.delayed]
[www.bahayogi.com/e3671379.chunk.min.16.delayed]
[www.bahayogi.com/rb_wixui.thunderbolt_bootstrap-classic.db545a77.chunk.min.17.delayed]
[www.bahayogi.com/rb_wixui.thunderbolt_bootstrap.8a86afda.chunk.min.18.delayed]
[www.bahayogi.com/rb_wixui.thunderbolt_bootstrap.7a36fe10.chunk.min.19.delayed]
[www.bahayogi.com/rb_wixui.thunderbolt_bootstrap-responsive.f3ca696f.chunk.min.1a.delayed]
[www.bahayogi.com/rb_wixui.thunderbolt_bootstrap-responsive.e3671379.chunk.min.1b.delayed]
[www.bahayogi.com/rb_wixui.thunderbolt_common-site-members-dialogs.384b0b57.chunk.min.1c.delayed]
[www.bahayogi.com/rb_wixui.thunderbolt_common-site-members-dialogs.2059cbfd.chunk.min.1d.delayed]
[static.wixstatic.com/media/8b8024_50779b8690624ecf8334ed16bc3f7073_mv2.png/v1/crop/x_0,y_220,w_496,h_49/fill/w_274,h_27,al_c,q_85,usm_2.00/BAHAYOGI LOGO.1f.delaye]
[static.wixstatic.com/media/8b8024_253e7f834c784fd3a88178c301ef0d1f_mv2.png/v1/crop/x_0,y_179,w_494,h_112/fill/w_494,h_112,al_c,q_85,usm_2.00_1.00_0.00/5.1e.delaye]
[www.bahayogi.com/about-me.html]
[www.bahayogi.com/upcoming-events.html]
[www.bahayogi.com/retreats.html]
[www.bahayogi.com/vxf-jamaica.html]
[www.bahayogi.com/vxf-greece-2023.html]
[www.bahayogi.com/press.html]
[www.bahayogi.com/yoga.html]
[www.bahayogi.com/courses.html]
[www.bahayogi.com/resources.html]
[static.wixstatic.com/media/8b8024_2c99115b6fb1413b83eef3646a0e5398f000.jpg/v1/fill/w_147,h_83,al_c,q_80,usm_0.66_1.00_0.01,blur_2,/8b8024_2c99115b6fb1413b83eef364]
[static.wixstatic.com/media/8b8024_882e8ae8251d448aa5d29f51f6b3c1daf000.jpg/v1/fill/w_84,h_47,al_c,q_80,usm_0.66_1.00_0.01,blur_2,e/8b8024_882e8ae8251d448aa5d29f51]
[www.bahayogi.com/faqs.html]
[static.wixstatic.com/media/8b8024_8dde484244c14b00b3225b765e5d6edd_mv2.png/v1/crop/x_285,y_147,w_211,h_318/fill/w_278,h_419,al_c,lg_1,q_85/8b8024_8dde484244c14b00]
[static.wixstatic.com/media/8b8024_2932ba5a624a4f5f83401047e1b4444d_mv2.jpg/v1/crop/x_228,y_0,w_3685,h_3884/fill/w_123,h_130,al_c,q_80,usm_/AD9CACFD-ABCE-4728-BA61]
[static.wixstatic.com/media/8b8024_8dde484244c14b00b3225b765e5d6edd_mv2.png/v1/fill/w_83,h_64,al_c,q_85,usm_0.66_1.00_0.01,blur_2,e/8b8024_8dde484244c14b00b3225b76]
[www.bahayogi.com/partnership.html]
[static.wixstatic.com/media/8b8024_38dae7f7ac5449a0bef9a38219e8d848_mv2.png/v1/fill/w_111,h_111,al_c,q_85,usm_0.66_1.00_0.01,blur_3/8b8024_38dae7f7ac5449a0bef9a382]
[static.wixstatic.com/media/8b8024_343739f60a6c4abab444a92039720bad_mv2.jpg/v1/fill/w_83,h_82,al_c,q_80,usm_0.66_1.00_0.01,blur_2,e/8b8024_343739f60a6c4abab444a920]
[static.wixstatic.com/media/8b8024_8dde484244c14b00b3225b765e5d6edd_mv2.png/v1/crop/x_0,y_0,w_768,h_612/fill/w_81,h_64,al_c,q_85,usm_0.66_1/8b8024_8dde484244c14b00]
[static.wixstatic.com/media/8b8024_8275f8e1e3144121ba7e21997786efa1_mv2_d_1/v1/fill/w_81,h_54,al_c,q_80,usm_0.66_1.00_0.01,blur_2,e/8b8024_8275f8e1e3144121ba7e2199]
[static.wixstatic.com/media/8b8024_51a3b5f959fc4d17a765855248d34ef6_mv2.jpg/v1/fill/w_81,h_55,al_c,q_80,usm_0.66_1.00_0.01,blur_2,e/8b8024_51a3b5f959fc4d17a7658552]
[www.bahayogi.com/copy-of-contact.html]
[static.wixstatic.com/media/8b8024_8dde484244c14b00b3225b765e5d6edd_mv2.png/v1/fill/w_81,h_62,al_c,q_85,usm_0.66_1.00_0.01,blur_2,e/8b8024_8dde484244c14b00b3225b76]
[www.bahayogi.com/copy-of-partnership.html]
[www.bahayogi.com/index.html]
[www.bahayogi.com/decodeURIComponent(e.html]
[www.bahayogi.com/feed.html]
[www.bahayogi.com/b604fd33.min.html]
[www.bahayogi.com/02b07b80.min.html]
[www.bahayogi.com/9455f099.min.html]
[www.bahayogi.com/caeea34d.min.html]
[www.bahayogi.com/45eee88d.min.html]
[www.bahayogi.com/99a6a99f.min.html]
[www.bahayogi.com/7a36fe10.chunk.min.html]
[www.bahayogi.com/e3671379.chunk.min.html]
[www.bahayogi.com/rb_wixui.thunderbolt_bootstrap-classic.db545a77.chunk.min.html]
[www.bahayogi.com/rb_wixui.thunderbolt_bootstrap.8a86afda.chunk.min.html]
[www.bahayogi.com/rb_wixui.thunderbolt_bootstrap.7a36fe10.chunk.min.html]
[www.bahayogi.com/rb_wixui.thunderbolt_bootstrap-responsive.f3ca696f.chunk.min.html]
[www.bahayogi.com/rb_wixui.thunderbolt_bootstrap-responsive.e3671379.chunk.min.html]
[www.bahayogi.com/rb_wixui.thunderbolt_common-site-members-dialogs.384b0b57.chunk.min.html]
[www.bahayogi.com/rb_wixui.thunderbolt_common-site-members-dialogs.2059cbfd.chunk.min.html]
[www.bahayogi.com/terms-and-conditions.html]
[static.parastorage.com/services/pro-gallery-santa-wrapper/1.2776.0/staticCss.min.css]
[static.wixstatic.com/media/8b8024_548f43827bef43428912b2933a2db6b6_mv2.jpg/v1/fill/w_148,h_99,q_90/8b8024_548f43827bef43428912b2933a2db6b6_mv2.jpg]
[static.wixstatic.com/media/8b8024_8c75d3bf73b64f79abd33c5db382bd7f_mv2.jpg/v1/fill/w_148,h_99,q_90/8b8024_8c75d3bf73b64f79abd33c5db382bd7f_mv2.jpg]
[static.wixstatic.com/media/8b8024_989e1f8ea8e24e2896bda28289498fe8_mv2.jpg/v1/fill/w_301,h_301,q_90/8b8024_989e1f8ea8e24e2896bda28289498fe8_mv2.jpg]
[static.wixstatic.com/media/8b8024_d89c2d81ebfd44f8b180aa900f9cfca0_mv2.jpeg/v1/fill/w_160,h_241,q_90/8b8024_d89c2d81ebfd44f8b180aa900f9cfca0_mv2.jpg]
[static.wixstatic.com/media/8b8024_569fbaabcee14bc1a318b9df6138129d_mv2.jpg/v1/fill/w_160,h_159,q_90/8b8024_569fbaabcee14bc1a318b9df6138129d_mv2.jpg]
[static.wixstatic.com/media/8b8024_36b1324d407a4e1d9488629b941c3438_mv2.jpg/v1/fill/w_160,h_240,q_90/8b8024_36b1324d407a4e1d9488629b941c3438_mv2.jpg]
[static.wixstatic.com/media/8b8024_98d8e6b1155441b8ac58e8be5f66da9f_mv2.jpg/v1/fill/w_160,h_160,q_90/8b8024_98d8e6b1155441b8ac58e8be5f66da9f_mv2.jpg]
[static.wixstatic.com/media/8b8024_a87ebd1029c044599aa6c41a62711abd_mv2.jpg/v1/fill/w_185,h_185,q_90/8b8024_a87ebd1029c044599aa6c41a62711abd_mv2.jpg]
[static.wixstatic.com/media/8b8024_33550064c3b14516b6829559123e05fc_mv2.jpg/v1/fill/w_132,h_185,q_90/8b8024_33550064c3b14516b6829559123e05fc_mv2.jpg]
[static.wixstatic.com/media/8b8024_e525ca6ade924c5792d4e1fd6badb090_mv2.jpg/v1/fill/w_322,h_215,q_90/8b8024_e525ca6ade924c5792d4e1fd6badb090_mv2.jpg]
[static.wixstatic.com/media/8b8024_6d80e62faf3343cd8d84a549912689aa_mv2.jpg/v1/fill/w_239,h_161,q_90/8b8024_6d80e62faf3343cd8d84a549912689aa_mv2.jpg]
[static.wixstatic.com/media/8b8024_a78c78d0eb7445c594b9878f6e392184_mv2.jpg/v1/fill/w_239,h_239,q_90/8b8024_a78c78d0eb7445c594b9878f6e392184_mv2.jpg]
[static.wixstatic.com/media/8b8024_3997aa57938d4c1eb8444c262c516571_mv2.jpg/v1/fill/w_113,h_141,q_90/8b8024_3997aa57938d4c1eb8444c262c516571_mv2.jpg]
[static.wixstatic.com/media/8b8024_1ee01bc26402470ebdfa3f34c9521d3d_mv2.jpg/v1/fill/w_141,h_141,q_90/8b8024_1ee01bc26402470ebdfa3f34c9521d3d_mv2.jpg]
[static.wixstatic.com/media/8b8024_bb78ff70a5fa45d591049c518fd137b0_mv2.jpg/v1/fill/w_259,h_259,q_90/8b8024_bb78ff70a5fa45d591049c518fd137b0_mv2.jpg]
[static.wixstatic.com/media/8b8024_a69e398a555944ee9c0225546d94a3c0_mv2.jpg/v1/fill/w_324,h_405,q_90/8b8024_a69e398a555944ee9c0225546d94a3c0_mv2.jpg]
[static.wixstatic.com/media/8b8024_b782f15230634cf8940d65257ea291b1_mv2.jpg/v1/fill/w_122,h_152,q_90/8b8024_b782f15230634cf8940d65257ea291b1_mv2.jpg]
[static.wixstatic.com/media/8b8024_37fda90b8ad34ece829840fd414be343_mv2.jpg/v1/fill/w_121,h_152,q_90/8b8024_37fda90b8ad34ece829840fd414be343_mv2.jpg]
[static.wixstatic.com/media/8b8024_7fbaa7be40134912892f5b002389987d_mv2.jpg/v1/fill/w_248,h_248,q_90/8b8024_7fbaa7be40134912892f5b002389987d_mv2.jpg]
[static.wixstatic.com/media/8b8024_90f4932d95254c3da1268c5af6f9c8e7_mv2.jpg/v1/fill/w_270,h_405,q_90/8b8024_90f4932d95254c3da1268c5af6f9c8e7_mv2.jpg]
[static.wixstatic.com/media/8b8024_9995976e4225427b8d13559d0a4593ff_mv2.jpg/v1/fill/w_323,h_405,q_90/8b8024_9995976e4225427b8d13559d0a4593ff_mv2.jpg]
[static.wixstatic.com/media/8b8024_853cd2c06cf74cf89de6f4e731a3900e_mv2.jpg/v1/fill/w_270,h_405,q_90/8b8024_853cd2c06cf74cf89de6f4e731a3900e_mv2.jpg]
[static.wixstatic.com/media/8b8024_fabdb2a8d6e345089853df91915481c7_mv2.jpg/v1/fill/w_270,h_405,q_90/8b8024_fabdb2a8d6e345089853df91915481c7_mv2.jpg]
[static.wixstatic.com/media/8b8024_b1453f36f80c4a0a92f8c7f41c62fb4b_mv2.jpg/v1/fill/w_184,h_123,q_90/8b8024_b1453f36f80c4a0a92f8c7f41c62fb4b_mv2.jpg]
[static.wixstatic.com/media/8b8024_41be4bf6df354781b748f6c6cacc9f59_mv2.jpg/v1/fill/w_184,h_277,q_90/8b8024_41be4bf6df354781b748f6c6cacc9f59_mv2.jpg]
[www.bahayogi.com/about-me.html]
[static.parastorage.com/services/wix-thunderbolt/dist/bootstrap-features.9ca6e510.bundle.min.js]
[static.parastorage.com/services/wix-thunderbolt/dist/main.cb675ae8.bundle.min.js]
[static.wixstatic.com/media/8b8024_57796ec7ee924d389c1fc723407db636_mv2.jpg/v1/fill/w_147,h_119,al_c,q_80,usm_0.66_1.00_0.01,blur_2/8b8024_57796ec7ee924d389c1fc723]
[www.bahayogi.com/version/index.html]
[static.wixstatic.com/media/8b8024_30071bce947942e5a36bdfd6ea472729_mv2.jpg/v1/fill/w_147,h_83,al_c,q_80,usm_0.66_1.00_0.01,blur_2,/8b8024_30071bce947942e5a36bdfd6]
[www.bahayogi.com/events/bahamas-fit-fest-breezes-resort.html]
[www.bahayogi.com/events/stretch-flex-yoga.html]
[static.wixstatic.com/media/8b8024_1da31356a93d47fa87a7f2cdfb193eef_mv2.jpg/v1/fill/w_147,h_83,al_c,q_80,usm_0.66_1.00_0.01,blur_2,/8b8024_1da31356a93d47fa87a7f2cd]
[www.bahayogi.com/upcoming-events.html]
[www.bahayogi.com/events/journey-to-splits-ii.html]
[static.wixstatic.com/media/8b8024_a444e29570b84cb2800678616b077b18_mv2.png/v1/crop/x_94,y_97,w_302,h_279/fill/w_356,h_328,al_c,lg_1,q_85,u/VIBE X FLOW LOGO (2).5b]
[static.wixstatic.com/media/8b8024_229c61c6c0714099a954eee0b91a74d7_mv2.png/v1/fill/w_104,h_104,al_c,q_85,usm_2.00_1.00_0.00,enc_auto/BAHAYOGI (7).png]
[www.bahayogi.com/retreats.html]
[www.bahayogi.com/62a3290c.min.5d.delayed]
[www.bahayogi.com/1f15f937.min.5e.delayed]
[static.wixstatic.com/media/nsplsh_cf4535db68bf4390bf478f19a2f37db8_mv2.jpg/v1/fill/w_87,h_156,al_c,q_80,usm_0.66_1.00_0.01,blur_2,/nsplsh_cf4535db68bf4390bf478f19]
[static.wixstatic.com/media/8b8024_57033e712d3b42aa9d4b9971f9767155_mv2.png/v1/fill/w_463,h_213,al_c,q_85,usm_2.00_1.00_0.00,enc_auto/jakes-logo2.png]
[static.wixstatic.com/media/8b8024_fbcbb24a24e041caa746c2d3f40932db_mv2.jpg/v1/fill/w_149,h_93,al_c,q_80,usm_0.66_1.00_0.01,blur_2,/8b8024_fbcbb24a24e041caa746c2d3]
[static.wixstatic.com/media/8b8024_df18b9626cf14bc6aaa647667373709b_mv2.jpeg/v1/fill/w_244,h_215,q_90/8b8024_df18b9626cf14bc6aaa647667373709b_mv2.jpg]
[static.wixstatic.com/media/8b8024_cf2e4af8c54e4996a685dc28d59d6728_mv2_d_1/v1/fill/w_244,h_323,q_90/8b8024_cf2e4af8c54e4996a685dc28d59d6728_mv2_d_1440_1900_s_2.63]
[static.wixstatic.com/media/8b8024_d2d37cef471c422a91998334b2261c27_mv2.jpg/v1/fill/w_244,h_323,q_90/8b8024_d2d37cef471c422a91998334b2261c27_mv2.jpg]
[static.wixstatic.com/media/8b8024_60de356769cc46c6bc6e32599f341dc5_mv2.jpg/v1/fill/w_244,h_215,q_90/8b8024_60de356769cc46c6bc6e32599f341dc5_mv2.jpg]
[static.wixstatic.com/media/8b8024_9f959f0867334943aae37a10a68705b8_mv2.jpg/v1/fill/w_244,h_215,q_90/8b8024_9f959f0867334943aae37a10a68705b8_mv2.jpg]
[static.wixstatic.com/media/8b8024_688b0983eb0a4eb49c90a41939e399da_mv2_d_2/v1/fill/w_244,h_323,q_90/8b8024_688b0983eb0a4eb49c90a41939e399da_mv2_d_2000_1315_s_2.67]
[static.wixstatic.com/media/8b8024_2280b1ff4d3540b19378ba12370c7587_mv2.jpg/v1/fill/w_244,h_323,fp_0.4_0.47,q_90/8b8024_2280b1ff4d3540b19378ba12370c7587_mv2.68.del]
[static.wixstatic.com/media/8b8024_e410d3cb33cb4567b49931c8e4df80d4_mv2.jpg/v1/fill/w_244,h_215,q_90/8b8024_e410d3cb33cb4567b49931c8e4df80d4_mv2.jpg]
[static.wixstatic.com/media/8b8024_469ff5213fe943bfb9bf1dba4304bf8b_mv2.jpg/v1/fill/w_244,h_215,q_90/8b8024_469ff5213fe943bfb9bf1dba4304bf8b_mv2.jpg]
[static.wixstatic.com/media/8b8024_1ba0e966346f4b519eac4b7c9c998d29_mv2_d_1/v1/fill/w_244,h_215,q_90/8b8024_1ba0e966346f4b519eac4b7c9c998d29_mv2_d_1440_1800_s_2.6a]
[static.wixstatic.com/media/8b8024_f2fa619e325e4622b7e12fc8b187c8d6_mv2_d_1/v1/fill/w_244,h_323,q_90/8b8024_f2fa619e325e4622b7e12fc8b187c8d6_mv2_d_1440_2000_s_2.6b]
[static.wixstatic.com/media/8b8024_17da8a79115d4f59b0a5cdb1908973fa_mv2_d_1/v1/fill/w_244,h_323,q_90/8b8024_17da8a79115d4f59b0a5cdb1908973fa_mv2_d_1440_2000_s_2.6c]
[static.wixstatic.com/media/8b8024_702164dc177745cea18a0e42e9dcf6ae_mv2.jpg/v1/fill/w_244,h_215,q_90/8b8024_702164dc177745cea18a0e42e9dcf6ae_mv2.jpg]
[static.wixstatic.com/media/8b8024_26602e4ab1d040daa8dca38930176419_mv2.jpg/v1/fill/w_244,h_323,q_90/8b8024_26602e4ab1d040daa8dca38930176419_mv2.jpg]
[static.wixstatic.com/media/8b8024_e83118bb287c44e8ba029a003a5cd0ef_mv2.jpg/v1/fill/w_244,h_323,q_90/8b8024_e83118bb287c44e8ba029a003a5cd0ef_mv2.jpg]
[static.wixstatic.com/media/8b8024_6db740b98c0643f28c6f7cfdd0a38f2b_mv2.jpg/v1/fill/w_244,h_215,q_90/8b8024_6db740b98c0643f28c6f7cfdd0a38f2b_mv2.jpg]
[static.wixstatic.com/media/8b8024_125e4eca2b2d465cbb1270fe470516d3_mv2.jpg/v1/fill/w_244,h_215,fp_0.23_0.41,q_90/8b8024_125e4eca2b2d465cbb1270fe470516d3_mv2.72.de]
[static.wixstatic.com/media/8b8024_9d4622543f3c49a4bc5814ac1149c328_mv2.jpg/v1/fill/w_244,h_323,q_90/8b8024_9d4622543f3c49a4bc5814ac1149c328_mv2.jpg]
[static.wixstatic.com/media/8b8024_6525cff2f8af455b85de7f847c9070ac_mv2.jpg/v1/fill/w_244,h_323,q_90/8b8024_6525cff2f8af455b85de7f847c9070ac_mv2.jpg]
[static.wixstatic.com/media/8b8024_4f97e899f42f46808dac848cc43f89c5_mv2.jpg/v1/fill/w_244,h_215,q_90/8b8024_4f97e899f42f46808dac848cc43f89c5_mv2.jpg]
[static.wixstatic.com/media/8b8024_1641624231ef424192d026f9038dfcef_mv2.jpg/v1/fill/w_244,h_215,q_90/8b8024_1641624231ef424192d026f9038dfcef_mv2.jpg]
[static.wixstatic.com/media/8b8024_a4683f099a2f4c05b15a00554c5b0dc5_mv2.jpg/v1/fill/w_244,h_323,q_90/8b8024_a4683f099a2f4c05b15a00554c5b0dc5_mv2.jpg]
[www.bahayogi.com/vxf-jamaica.html]
[static.wixstatic.com/media/8b8024_b685a7d191f74729b30b9f2d8a74c15a_mv2.jpe/v1/fill/w_115,h_73,al_c,q_80,usm_0.66_1.00_0.01,blur_2,/8b8024_b685a7d191f74729b30b9f2d]
[www.bahayogi.com/about-5.html]
[static.wixstatic.com/media/8b8024_a7c56cce8bd34c1194d3ee21c0920f50f000.jpg/v1/fill/w_147,h_83,al_c,q_80,usm_0.66_1.00_0.01,blur_2,/8b8024_a7c56cce8bd34c1194d3ee21]
[static.wixstatic.com/media/8b8024_1c7dbdc479dc4975921ff9d2619570a9_mv2.jpg/v1/fill/w_244,h_215,q_90/8b8024_1c7dbdc479dc4975921ff9d2619570a9_mv2.jpg]
[static.wixstatic.com/media/8b8024_471539c2a4d84fa8bbfe8a97f6848f4b_mv2.png/v1/crop/x_12,y_0,w_288,h_88/fill/w_88,h_27,al_c,q_85,usm_0.66_1.00_0.01,/logo.7a.delaye]
[static.wixstatic.com/media/8b8024_3e6fd74e80464a9681c614a15a8d0c44_mv2.jpg/v1/fill/w_244,h_323,q_90/8b8024_3e6fd74e80464a9681c614a15a8d0c44_mv2.jpg]
[static.wixstatic.com/media/8b8024_157abc1f95cb40eebc5f52cade863324_mv2.jpg/v1/fill/w_244,h_323,q_90/8b8024_157abc1f95cb40eebc5f52cade863324_mv2.jpg]
[static.wixstatic.com/media/8b8024_0cddcdeec52b4e5ea8cee4e17bb21402_mv2.png/v1/fill/w_244,h_215,fp_0.49_0.34,q_90/8b8024_0cddcdeec52b4e5ea8cee4e17bb21402_mv2.7f.de]
[static.wixstatic.com/media/8b8024_bba05b2095ee41b090b0ba67207bdfd5_mv2.jpg/v1/fill/w_244,h_215,q_90/8b8024_bba05b2095ee41b090b0ba67207bdfd5_mv2.jpg]
[static.wixstatic.com/media/8b8024_3a4366b1b1bf4292921d39ad6998da0f_mv2.jpg/v1/fill/w_244,h_323,q_90/8b8024_3a4366b1b1bf4292921d39ad6998da0f_mv2.jpg]
[static.wixstatic.com/media/8b8024_ba81f51ae9fc40369755837c79b9197e_mv2_d_1/v1/fill/w_244,h_323,q_90/8b8024_ba81f51ae9fc40369755837c79b9197e_mv2_d_1920_1280_s_2.82]
[static.wixstatic.com/media/8b8024_bc80f07552a6459fa3fd7fa5ec36cc0f_mv2.png/v1/fill/w_244,h_215,q_90/8b8024_bc80f07552a6459fa3fd7fa5ec36cc0f_mv2.png]
[static.wixstatic.com/media/8b8024_adc901343ff340b08525786fba74d386_mv2_d_1/v1/fill/w_244,h_215,q_90/8b8024_adc901343ff340b08525786fba74d386_mv2_d_1920_1280_s_2.84]
[static.wixstatic.com/media/8b8024_7c6a86e89a844d098758bb402373573b_mv2_d_3/v1/fill/w_244,h_215,q_90/8b8024_7c6a86e89a844d098758bb402373573b_mv2_d_3024_4032_s_4_2]
[static.wixstatic.com/media/8b8024_03ce199e8d3c41d49dc71c3073cb0b28_mv2_d_3/v1/fill/w_244,h_323,q_90/8b8024_03ce199e8d3c41d49dc71c3073cb0b28_mv2_d_3024_4032_s_4_2]
[static.wixstatic.com/media/8b8024_7f8b8d62e8c64fc29a25d8f4f88eecd9_mv2.jpg/v1/fill/w_244,h_323,q_90/8b8024_7f8b8d62e8c64fc29a25d8f4f88eecd9_mv2.jpg]
[static.wixstatic.com/media/8b8024_30f640ae2cea426c8be538e2ae847407_mv2.png/v1/fill/w_244,h_215,fp_0.43_0.75,q_90/8b8024_30f640ae2cea426c8be538e2ae847407_mv2.88.de]
[static.wixstatic.com/media/8b8024_026732c45a2843ae880bb792d480a9ed_mv2_d_4/v1/fill/w_244,h_323,q_90/8b8024_026732c45a2843ae880bb792d480a9ed_mv2_d_4032_3024_s_4_2]
[static.wixstatic.com/media/8b8024_073f14a7ffe64215ab7c2a9a83e4bb0c_mv2.jpg/v1/fill/w_244,h_215,q_90/8b8024_073f14a7ffe64215ab7c2a9a83e4bb0c_mv2.jpg]
[static.wixstatic.com/media/8b8024_403aac48d0a247b8b8d519f2b9dfb3e0_mv2.png/v1/fill/w_244,h_323,fp_0.48_0.29,q_90/8b8024_403aac48d0a247b8b8d519f2b9dfb3e0_mv2.8a.de]
[static.wixstatic.com/media/8b8024_1f0dde841b1c49d2a851991f464dda62_mv2.jpg/v1/fill/w_244,h_215,q_90/8b8024_1f0dde841b1c49d2a851991f464dda62_mv2.jpg]
[static.wixstatic.com/media/8b8024_ae5e74512ab54fb4ae589e918089841c_mv2.jpg/v1/fill/w_244,h_323,q_90/8b8024_ae5e74512ab54fb4ae589e918089841c_mv2.jpg]
[static.wixstatic.com/media/8b8024_ea39ae83d55a4333ad864d0720f00076_mv2.png/v1/fill/w_244,h_323,fp_0.51_0.35,q_90/8b8024_ea39ae83d55a4333ad864d0720f00076_mv2.8e.de]
[static.wixstatic.com/media/8b8024_509b29fe1d81462aa70d8d99b2e7577a_mv2.png/v1/fill/w_244,h_215,q_90/8b8024_509b29fe1d81462aa70d8d99b2e7577a_mv2.png]
[static.wixstatic.com/media/8b8024_13e99848077745adb2c61b6baf95b802_mv2.png/v1/fill/w_244,h_215,q_90/8b8024_13e99848077745adb2c61b6baf95b802_mv2.png]
[static.wixstatic.com/media/8b8024_ae5a0f4ced944bdc9bef153e3c0343d1_mv2.png/v1/fill/w_244,h_323,q_90/8b8024_ae5a0f4ced944bdc9bef153e3c0343d1_mv2.png]
[static.wixstatic.com/media/8b8024_163967c5ed094326a3147fe23fc1ac6a_mv2.png/v1/fill/w_244,h_215,q_90/8b8024_163967c5ed094326a3147fe23fc1ac6a_mv2.png]
[static.wixstatic.com/media/8b8024_0cccf91da87b41f4823d49dd6a33a694_mv2.png/v1/fill/w_244,h_323,fp_0.5_0.56,q_90/8b8024_0cccf91da87b41f4823d49dd6a33a694_mv2.92.del]
[static.wixstatic.com/media/8b8024_5435b3db31fb4979ae2e913ebf0f0127_mv2.jpg/v1/fill/w_243,h_181,q_90/8b8024_5435b3db31fb4979ae2e913ebf0f0127_mv2.jpg]
[static.wixstatic.com/media/8b8024_3f3e2d062384411fa8ca1f1388787f6e_mv2.jpg/v1/fill/w_243,h_272,q_90/8b8024_3f3e2d062384411fa8ca1f1388787f6e_mv2.jpg]
[static.wixstatic.com/media/8b8024_68d599175f594100b961f6e33f67127c_mv2.png/v1/fill/w_243,h_272,q_90/8b8024_68d599175f594100b961f6e33f67127c_mv2.png]
[static.wixstatic.com/media/8b8024_b8255eef2f66476087bf2205fe43a2bf_mv2.jpg/v1/fill/w_243,h_181,q_90/8b8024_b8255eef2f66476087bf2205fe43a2bf_mv2.jpg]
[static.wixstatic.com/media/8b8024_27732323c3b048f19c9467972c2bd41a_mv2.jpg/v1/fill/w_243,h_181,q_90/8b8024_27732323c3b048f19c9467972c2bd41a_mv2.jpg]
[static.wixstatic.com/media/8b8024_71fc874621414fd0a77450693b68f95e_mv2.png/v1/fill/w_243,h_272,fp_0.42_0.53,q_90/8b8024_71fc874621414fd0a77450693b68f95e_mv2.99.de]
[static.wixstatic.com/media/8b8024_a95102d0a6fa4c338dfb5c3def8f9e23_mv2.png/v1/fill/w_243,h_272,q_90/8b8024_a95102d0a6fa4c338dfb5c3def8f9e23_mv2.png]
[static.wixstatic.com/media/8b8024_23b302dab10047a3a977298f67c5ba6a_mv2.png/v1/fill/w_243,h_181,q_90/8b8024_23b302dab10047a3a977298f67c5ba6a_mv2.png]
[static.wixstatic.com/media/8b8024_edef287cf2774763aa8732cb0b7c39c0_mv2.png/v1/fill/w_243,h_181,q_90/8b8024_edef287cf2774763aa8732cb0b7c39c0_mv2.png]
[static.wixstatic.com/media/8b8024_2d4f5f5fe24c41b7affa24fb8c6bae8e_mv2.jpg/v1/fill/w_243,h_272,q_90/8b8024_2d4f5f5fe24c41b7affa24fb8c6bae8e_mv2.jpg]
[static.wixstatic.com/media/8b8024_163967c5ed094326a3147fe23fc1ac6a_mv2.png/v1/fill/w_243,h_181,q_90/8b8024_163967c5ed094326a3147fe23fc1ac6a_mv2.png]
[static.wixstatic.com/media/8b8024_3e50f138d5654c36b77b936a83359876_mv2.png/v1/fill/w_243,h_272,fp_0.44_0.23,q_90/8b8024_3e50f138d5654c36b77b936a83359876_mv2.9e.de]
[static.wixstatic.com/media/8b8024_072d7274aeb441ba9ced8154c9be1bb9_mv2.png/v1/fill/w_243,h_181,q_90/8b8024_072d7274aeb441ba9ced8154c9be1bb9_mv2.png]
[static.wixstatic.com/media/8b8024_f5794edd4753479c8003c4a2a2233343_mv2.png/v1/fill/w_243,h_272,q_90/8b8024_f5794edd4753479c8003c4a2a2233343_mv2.png]
[static.wixstatic.com/media/8b8024_e3ba48188bf645159fd009560397a1c1_mv2.png/v1/fill/w_203,h_226,q_90/8b8024_e3ba48188bf645159fd009560397a1c1_mv2.png]
[static.wixstatic.com/media/8b8024_39c332b0d7ae49dab5bae046b97eda21_mv2.png/v1/fill/w_354,h_472,q_90/8b8024_39c332b0d7ae49dab5bae046b97eda21_mv2.png]
[static.wixstatic.com/media/8b8024_907116ef2a334100897c413ed0f3792a_mv2.jpeg/v1/fill/w_354,h_472,q_90/8b8024_907116ef2a334100897c413ed0f3792a_mv2.jpg]
[static.wixstatic.com/media/8b8024_e33dd5007739423aa02571ed77a2c38d_mv2.jpg/v1/fill/w_354,h_472,q_90/8b8024_e33dd5007739423aa02571ed77a2c38d_mv2.jpg]
[static.wixstatic.com/media/8b8024_b0f2c24a6f334566969429dc3cb0e5a3_mv2.png/v1/fill/w_354,h_472,fp_0.39_0.42,q_90/8b8024_b0f2c24a6f334566969429dc3cb0e5a3_mv2.a5.de]
[static.wixstatic.com/media/8b8024_364821b22d0348df903b50ac8dcba47c_mv2.png/v1/fill/w_354,h_472,q_90/8b8024_364821b22d0348df903b50ac8dcba47c_mv2.png]
[static.wixstatic.com/media/8b8024_e8855826280c46b5ae6e29a14ef1cd06_mv2.png/v1/fill/w_354,h_472,q_90/8b8024_e8855826280c46b5ae6e29a14ef1cd06_mv2.png]
[static.wixstatic.com/media/8b8024_be6091f3a6594f8f93e79eedef0c9a7b_mv2.jpg/v1/fill/w_354,h_472,q_90/8b8024_be6091f3a6594f8f93e79eedef0c9a7b_mv2.jpg]
[static.wixstatic.com/media/8b8024_b4cac3736e1d4ce292e5384759b61403_mv2.png/v1/fill/w_354,h_472,q_90/8b8024_b4cac3736e1d4ce292e5384759b61403_mv2.png]
[static.wixstatic.com/media/8b8024_6285e5df7aa142eaba522fd45d113c21_mv2.jpg/v1/fill/w_354,h_472,q_90/8b8024_6285e5df7aa142eaba522fd45d113c21_mv2.jpg]
[static.wixstatic.com/media/8b8024_b181fdac01d64cc880162302d28eaa5b_mv2.png/v1/fill/w_354,h_472,q_90/8b8024_b181fdac01d64cc880162302d28eaa5b_mv2.png]
[static.wixstatic.com/media/8b8024_cf48457da7e845248143bfdbef27c2d0_mv2.png/v1/fill/w_354,h_472,fp_0.51_0.43,q_90/8b8024_cf48457da7e845248143bfdbef27c2d0_mv2.ac.de]
[static.wixstatic.com/media/8b8024_7334e3a910e64ddb9146ceb9973f84f8_mv2.png/v1/fill/w_354,h_472,q_90/8b8024_7334e3a910e64ddb9146ceb9973f84f8_mv2.png]
[static.wixstatic.com/media/8b8024_967546a984fa410d950980077bf79e2a_mv2.png/v1/fill/w_354,h_472,fp_0.35_0.41,q_90/8b8024_967546a984fa410d950980077bf79e2a_mv2.af.de]
[static.wixstatic.com/media/8b8024_d8db654cb22147789514fdba271d4af8_mv2.png/v1/fill/w_354,h_472,q_90/8b8024_d8db654cb22147789514fdba271d4af8_mv2.png]
[static.wixstatic.com/media/8b8024_6d1f59e5ad40449199a053b3c7720763_mv2.png/v1/fill/w_354,h_472,fp_0.54_0.78,q_90/8b8024_6d1f59e5ad40449199a053b3c7720763_mv2.b1.de]
[static.wixstatic.com/media/8b8024_e0d9aa8aa32748e982953e6d41ca1f2c_mv2.png/v1/fill/w_354,h_472,q_90/8b8024_e0d9aa8aa32748e982953e6d41ca1f2c_mv2.png]
[static.wixstatic.com/media/8b8024_464f489b6af44fd0b38a921cf865aa59_mv2.png/v1/fill/w_354,h_472,q_90/8b8024_464f489b6af44fd0b38a921cf865aa59_mv2.png]
[static.wixstatic.com/media/8b8024_87d4afaa576d43e2afcadc53e96664e3_mv2.png/v1/fill/w_354,h_472,fp_0.49_0.33,q_90/8b8024_87d4afaa576d43e2afcadc53e96664e3_mv2.b4.de]
[static.wixstatic.com/media/8b8024_9cb37c091b744c41b061a9cd53bca4aa_mv2.png/v1/fill/w_354,h_472,q_90/8b8024_9cb37c091b744c41b061a9cd53bca4aa_mv2.png]
[static.wixstatic.com/media/8b8024_45d63c3884ac4986bcaac9b967744d41_mv2.png/v1/fill/w_354,h_472,q_90/8b8024_45d63c3884ac4986bcaac9b967744d41_mv2.png]
[www.bahayogi.com/vxf-greece-2023.html]
[www.bahayogi.com/48220e7a.min.b7.delayed]
[www.bahayogi.com/press.html]
[www.bahayogi.com/book-online.html]
[www.bahayogi.com/yoga.html]
[www.bahayogi.com/courses.html]
[www.bahayogi.com/plans-pricing.html]
[static.wixstatic.com/media/8b8024_c5b79a82ae5b4eaf9840799d827ec8ef_mv2.jpg/v1/crop/x_0,y_0,w_2203,h_1628/fill/w_76,h_57,al_c,q_80,usm_0.66/Sun Salutation A.ba.del]
[www.bahayogi.com/_files/ugd/Sun%20Salutation%20A.pdf_; filename_=UTF-8''Sun%20Salutation%20A.pdf]
[static.wixstatic.com/media/8b8024_22e7b8ca5f794af78665c70f90ebb25b_mv2.jpg/v1/crop/x_0,y_0,w_2203,h_1628/fill/w_76,h_57,al_c,q_80,usm_0.66/Sun Salutation B.bc.del]
[www.bahayogi.com/_files/ugd/Sun%20Salutation%20B.pdf_; filename_=UTF-8''Sun%20Salutation%20B.pdf]
[static.wixstatic.com/media/8b8024_91c090dd4e9948df9d260d3c00cc87f9_mv2.jpg/v1/crop/x_0,y_0,w_2203,h_1628/fill/w_76,h_57,al_c,q_80,usm_0.66/Sun Salutation C.be.del]
[www.bahayogi.com/_files/ugd/Sun%20Salutation%20C.pdf_; filename_=UTF-8''Sun%20Salutation%20C.pdf]
[www.bahayogi.com/resources.html]
[www.bahayogi.com/faqs.html]
[www.bahayogi.com/eec152dc.min.c0.delayed]
[www.bahayogi.com/7c602eb2.min.c1.delayed]
[www.bahayogi.com/2b8b066f.min.c2.delayed]
[www.bahayogi.com/partnership.html]
[www.bahayogi.com/copy-of-contact.html]
[www.bahayogi.com/copy-of-partnership.html]
[www.bahayogi.com/terms-and-conditions.html]
[static.parastorage.com/services/pro-gallery-santa-wrapper/1.2776.0/staticCss.min.css]
[www.bahayogi.com/version/index.html]
[static.parastorage.com/services/pro-gallery-santa-wrapper/1.2776.0/media/emptystate.f4c750b6.svg]
[www.bahayogi.com/events/decodeURIComponent(e.html]
[www.bahayogi.com/events/sitemap.c6.delayed]
[www.bahayogi.com/events/robots.html]
[www.bahayogi.com/events/feed.c7.delayed]
[www.bahayogi.com/events/b604fd33.min.html]
[www.bahayogi.com/events/9455f099.min.html]
[www.bahayogi.com/events/caeea34d.min.html]
[www.bahayogi.com/events/99a6a99f.min.html]
[www.bahayogi.com/events/7a36fe10.chunk.min.html]
[www.bahayogi.com/events/e3671379.chunk.min.html]
[www.bahayogi.com/events/rb_wixui.thunderbolt_bootstrap-classic.db545a77.chunk.min.html]
[www.bahayogi.com/events/rb_wixui.thunderbolt_bootstrap.8a86afda.chunk.min.html]
[www.bahayogi.com/events/rb_wixui.thunderbolt_bootstrap.7a36fe10.chunk.min.html]
[www.bahayogi.com/events/rb_wixui.thunderbolt_bootstrap-responsive.f3ca696f.chunk.min.html]
[www.bahayogi.com/events/bahamas-fit-fest-breezes-resort.html]
[www.bahayogi.com/events/stretch-flex-yoga.html]
[www.bahayogi.com/events/journey-to-splits-ii.html]
[www.bahayogi.com/62a3290c.min.html]
[www.bahayogi.com/1f15f937.min.html]
[www.bahayogi.com/about-5.html]
[www.bahayogi.com/48220e7a.min.html]
[www.bahayogi.com/events/rb_wixui.thunderbolt_bootstrap-responsive.e3671379.chunk.min.html]
[static.wixstatic.com/media/8b8024_34b7130c60c94de7b32ad8c69b9255af_mv2.jpg/v1/fill/w_50,h_50,al_c,q_80,usm_0.66_1.00_0.01,blur_3,e/8b8024_34b7130c60c94de7b32ad8c6]
[www.bahayogi.com/events/version/index.html]
[static.wixstatic.com/media/8b8024_7fbaa7be40134912892f5b002389987d_mv2.jpg/v1/fill/w_50,h_50,al_c,q_80,usm_0.66_1.00_0.01,blur_3,e/8b8024_7fbaa7be40134912892f5b00]
[www.bahayogi.com/bookings-checkout/virtual-private-yoga-session.html]
[www.bahayogi.com/bookings-checkout/yoga-practice-consultation.html]
[static.wixstatic.com/media/8b8024_fc3a336e4b48455390b9be2e031d3998_mv2.jpg/v1/fill/w_50,h_46,al_c,q_80,usm_0.66_1.00_0.01,blur_3,e/8b8024_fc3a336e4b48455390b9be2e]
[www.bahayogi.com/bookings-checkout/yoga-teacher-mentoring.html]
[static.wixstatic.com/media/8b8024_2690b4e33a304cdda76beffac30d37c8_mv2_d_1/v1/fill/w_50,h_33,al_c,q_80,usm_0.66_1.00_0.01,blur_3,e/8b8024_2690b4e33a304cdda76beffa]
[www.bahayogi.com/book-online.html]
[static.parastorage.com/services/pricing-plans-tpa/1.2216.0/client/List.chunk.min.css]
[www.bahayogi.com/bookings-checkout/yoga-retreat-consultation.html]
[static.parastorage.com/services/pricing-plans-tpa/1.2216.0/client/7724.chunk.min.js]
[static.parastorage.com/services/pricing-plans-tpa/1.2216.0/client/List.chunk.min.js]
[www.bahayogi.com/plans-pricing.html]
[www.bahayogi.com/eec152dc.min.html]
[www.bahayogi.com/7c602eb2.min.html]
[www.bahayogi.com/2b8b066f.min.html]
[static.parastorage.com/services/pro-gallery-santa-wrapper/1.2776.0/media/emptystate.f4c750b6.svg]
[www.bahayogi.com/events/decodeURIComponent(e.html]
[www.bahayogi.com/events/robots.html]
[www.bahayogi.com/events/sitemap.html]
[www.bahayogi.com/events/feed.html]
[www.bahayogi.com/events/b604fd33.min.html]
[www.bahayogi.com/events/9455f099.min.html]
[www.bahayogi.com/events/caeea34d.min.html]
[www.bahayogi.com/events/99a6a99f.min.html]
[www.bahayogi.com/events/7a36fe10.chunk.min.html]
[www.bahayogi.com/events/e3671379.chunk.min.html]
[www.bahayogi.com/events/rb_wixui.thunderbolt_bootstrap-classic.db545a77.chunk.min.html]
[www.bahayogi.com/events/rb_wixui.thunderbolt_bootstrap.8a86afda.chunk.min.html]
[www.bahayogi.com/events/rb_wixui.thunderbolt_bootstrap.7a36fe10.chunk.min.html]
[www.bahayogi.com/events/rb_wixui.thunderbolt_bootstrap-responsive.f3ca696f.chunk.min.html]
[www.bahayogi.com/events/rb_wixui.thunderbolt_bootstrap-responsive.e3671379.chunk.min.html]
[www.bahayogi.com/events/version/decodeURIComponent(e.html]
[www.bahayogi.com/events/version/robots.html]
[www.bahayogi.com/events/version/sitemap.e0.delayed]
[www.bahayogi.com/events/version/feed.e1.delayed]
[www.bahayogi.com/events/version/version/index.html]
[www.bahayogi.com/events/version/b604fd33.min.html]
[www.bahayogi.com/events/version/9455f099.min.html]
[www.bahayogi.com/events/version/caeea34d.min.html]
[www.bahayogi.com/events/version/99a6a99f.min.html]
[www.bahayogi.com/events/version/7a36fe10.chunk.min.html]
[www.bahayogi.com/events/version/e3671379.chunk.min.html]
[www.bahayogi.com/events/version/rb_wixui.thunderbolt_bootstrap-classic.db545a77.chunk.min.html]
[www.bahayogi.com/events/version/rb_wixui.thunderbolt_bootstrap.8a86afda.chunk.min.html]
[www.bahayogi.com/events/version/rb_wixui.thunderbolt_bootstrap.7a36fe10.chunk.min.html]
[www.bahayogi.com/events/version/rb_wixui.thunderbolt_bootstrap-responsive.f3ca696f.chunk.min.html]
[www.bahayogi.com/events/version/index.html]
[www.bahayogi.com/events/version/rb_wixui.thunderbolt_bootstrap-responsive.e3671379.chunk.min.html]
[www.bahayogi.com/bookings-checkout/decodeURIComponent(e.html]
[www.bahayogi.com/bookings-checkout/robots.html]
[www.bahayogi.com/bookings-checkout/sitemap.ef.delayed]
[www.bahayogi.com/bookings-checkout/feed.f0.delayed]
[www.bahayogi.com/bookings-checkout/b604fd33.min.html]
[www.bahayogi.com/bookings-checkout/9455f099.min.html]
[www.bahayogi.com/bookings-checkout/caeea34d.min.html]
[www.bahayogi.com/bookings-checkout/99a6a99f.min.html]
[www.bahayogi.com/bookings-checkout/7a36fe10.chunk.min.html]
[www.bahayogi.com/bookings-checkout/e3671379.chunk.min.html]
[www.bahayogi.com/bookings-checkout/rb_wixui.thunderbolt_bootstrap-classic.db545a77.chunk.min.html]
[www.bahayogi.com/bookings-checkout/rb_wixui.thunderbolt_bootstrap.8a86afda.chunk.min.html]
[www.bahayogi.com/bookings-checkout/rb_wixui.thunderbolt_bootstrap.7a36fe10.chunk.min.html]
[www.bahayogi.com/bookings-checkout/rb_wixui.thunderbolt_bootstrap-responsive.f3ca696f.chunk.min.html]
[www.bahayogi.com/bookings-checkout/virtual-private-yoga-session.html]
[www.bahayogi.com/bookings-checkout/yoga-practice-consultation.html]
[www.bahayogi.com/bookings-checkout/yoga-teacher-mentoring.html]
[www.bahayogi.com/bookings-checkout/yoga-retreat-consultation.html]
[static.parastorage.com/services/pricing-plans-tpa/1.2216.0/client/List.chunk.min.css]
[www.bahayogi.com/events/version/decodeURIComponent(e.html]
[www.bahayogi.com/events/version/robots.html]
[www.bahayogi.com/events/version/sitemap.html]
[www.bahayogi.com/events/version/feed.html]
[www.bahayogi.com/bookings-checkout/version/index.html]
[www.bahayogi.com/bookings-checkout/rb_wixui.thunderbolt_bootstrap-responsive.e3671379.chunk.min.html]
[www.bahayogi.com/events/version/version/decodeURIComponent(e.html]
[www.bahayogi.com/events/version/version/sitemap.fe.delayed]
[www.bahayogi.com/events/version/version/robots.html]
[www.bahayogi.com/events/version/version/feed.ff.delayed]
[www.bahayogi.com/events/version/version/version/index.html]
[www.bahayogi.com/events/version/version/b604fd33.min.html]
[www.bahayogi.com/events/version/version/9455f099.min.html]
[www.bahayogi.com/events/version/version/caeea34d.min.html]
[www.bahayogi.com/events/version/version/99a6a99f.min.html]
[www.bahayogi.com/events/version/version/7a36fe10.chunk.min.html]
[www.bahayogi.com/events/version/version/e3671379.chunk.min.html]
[www.bahayogi.com/events/version/version/rb_wixui.thunderbolt_bootstrap-classic.db545a77.chunk.min.html]
[www.bahayogi.com/events/version/version/rb_wixui.thunderbolt_bootstrap.8a86afda.chunk.min.html]
[www.bahayogi.com/events/version/version/rb_wixui.thunderbolt_bootstrap.7a36fe10.chunk.min.html]
[www.bahayogi.com/events/version/version/rb_wixui.thunderbolt_bootstrap-responsive.f3ca696f.chunk.min.html]
[www.bahayogi.com/events/version/version/index.html]
[www.bahayogi.com/events/version/b604fd33.min.html]
[www.bahayogi.com/events/version/9455f099.min.html]
[www.bahayogi.com/events/version/caeea34d.min.html]
[www.bahayogi.com/events/version/99a6a99f.min.html]
[www.bahayogi.com/events/version/7a36fe10.chunk.min.html]
[www.bahayogi.com/events/version/e3671379.chunk.min.html]
[www.bahayogi.com/events/version/rb_wixui.thunderbolt_bootstrap-classic.db545a77.chunk.min.html]
[www.bahayogi.com/events/version/rb_wixui.thunderbolt_bootstrap.8a86afda.chunk.min.html]
[www.bahayogi.com/events/version/rb_wixui.thunderbolt_bootstrap.7a36fe10.chunk.min.html]
[www.bahayogi.com/events/version/rb_wixui.thunderbolt_bootstrap-responsive.f3ca696f.chunk.min.html]
[www.bahayogi.com/events/version/rb_wixui.thunderbolt_bootstrap-responsive.e3671379.chunk.min.html]
[www.bahayogi.com/bookings-checkout/decodeURIComponent(e.html]
[www.bahayogi.com/bookings-checkout/robots.html]
[www.bahayogi.com/bookings-checkout/sitemap.html]
[www.bahayogi.com/bookings-checkout/feed.html]
[www.bahayogi.com/bookings-checkout/b604fd33.min.html]
[www.bahayogi.com/bookings-checkout/9455f099.min.html]
[www.bahayogi.com/bookings-checkout/caeea34d.min.html]
[www.bahayogi.com/bookings-checkout/99a6a99f.min.html]
[www.bahayogi.com/bookings-checkout/7a36fe10.chunk.min.html]
[www.bahayogi.com/bookings-checkout/e3671379.chunk.min.html]
[www.bahayogi.com/bookings-checkout/rb_wixui.thunderbolt_bootstrap-classic.db545a77.chunk.min.html]
[www.bahayogi.com/bookings-checkout/rb_wixui.thunderbolt_bootstrap.8a86afda.chunk.min.html]
[www.bahayogi.com/bookings-checkout/rb_wixui.thunderbolt_bootstrap.7a36fe10.chunk.min.html]
[www.bahayogi.com/bookings-checkout/rb_wixui.thunderbolt_bootstrap-responsive.f3ca696f.chunk.min.html]
[www.bahayogi.com/bookings-checkout/rb_wixui.thunderbolt_bootstrap-responsive.e3671379.chunk.min.html]
[www.bahayogi.com/events/version/version/rb_wixui.thunderbolt_bootstrap-responsive.e3671379.chunk.min.html]
[www.bahayogi.com/bookings-checkout/version/decodeURIComponent(e.html]
[www.bahayogi.com/bookings-checkout/version/robots.html]
[www.bahayogi.com/bookings-checkout/version/sitemap.10d.delayed]
[www.bahayogi.com/bookings-checkout/version/feed.10e.delayed]
[www.bahayogi.com/bookings-checkout/version.html]
[www.bahayogi.com/bookings-checkout/version/b604fd33.min.html]
[www.bahayogi.com/bookings-checkout/version/9455f099.min.html]
[www.bahayogi.com/bookings-checkout/version/caeea34d.min.html]
[www.bahayogi.com/bookings-checkout/version/99a6a99f.min.html]
[www.bahayogi.com/bookings-checkout/version/7a36fe10.chunk.min.html]
[www.bahayogi.com/bookings-checkout/version/e3671379.chunk.min.html]
[www.bahayogi.com/bookings-checkout/version/rb_wixui.thunderbolt_bootstrap-classic.db545a77.chunk.min.html]
[www.bahayogi.com/bookings-checkout/version/rb_wixui.thunderbolt_bootstrap.8a86afda.chunk.min.html]
[www.bahayogi.com/bookings-checkout/version/rb_wixui.thunderbolt_bootstrap.7a36fe10.chunk.min.html]
[www.bahayogi.com/bookings-checkout/version/rb_wixui.thunderbolt_bootstrap-responsive.f3ca696f.chunk.min.html]
[www.bahayogi.com/bookings-checkout/version/index.html]
[www.bahayogi.com/events/version/version/decodeURIComponent(e.html]
[www.bahayogi.com/events/version/version/robots.html]
[www.bahayogi.com/events/version/version/sitemap.html]
[www.bahayogi.com/events/version/version/feed.html]
[www.bahayogi.com/bookings-checkout/version/rb_wixui.thunderbolt_bootstrap-responsive.e3671379.chunk.min.html]
[www.bahayogi.com/events/version/version/version/decodeURIComponent(e.html]
[www.bahayogi.com/events/version/version/version/sitemap.11d.delayed]
[www.bahayogi.com/events/version/version/version/robots.html]
[www.bahayogi.com/events/version/version/version/feed.11e.delayed]
[www.bahayogi.com/events/version/version/version/b604fd33.min.html]
[www.bahayogi.com/events/version/version/version/9455f099.min.html]
[www.bahayogi.com/events/version/version/version/caeea34d.min.html]
[www.bahayogi.com/events/version/version/version/99a6a99f.min.html]
[www.bahayogi.com/events/version/version/version/7a36fe10.chunk.min.html]
[www.bahayogi.com/events/version/version/version/e3671379.chunk.min.html]
[www.bahayogi.com/events/version/version/version/rb_wixui.thunderbolt_bootstrap-classic.db545a77.chunk.min.html]
[www.bahayogi.com/events/version/version/version/rb_wixui.thunderbolt_bootstrap.8a86afda.chunk.min.html]
[www.bahayogi.com/events/version/version/version/rb_wixui.thunderbolt_bootstrap.7a36fe10.chunk.min.html]
[www.bahayogi.com/events/version/version/version/rb_wixui.thunderbolt_bootstrap-responsive.f3ca696f.chunk.min.html]
[www.bahayogi.com/events/version/version/version/index.html]
[www.bahayogi.com/events/version/version/b604fd33.min.html]
[www.bahayogi.com/events/version/version/9455f099.min.html]
[www.bahayogi.com/events/version/version/caeea34d.min.html]
[www.bahayogi.com/events/version/version/99a6a99f.min.html]
[www.bahayogi.com/events/version/version/7a36fe10.chunk.min.html]
[www.bahayogi.com/events/version/version/e3671379.chunk.min.html]
[www.bahayogi.com/events/version/version/rb_wixui.thunderbolt_bootstrap-classic.db545a77.chunk.min.html]
[www.bahayogi.com/events/version/version/rb_wixui.thunderbolt_bootstrap.8a86afda.chunk.min.html]
[www.bahayogi.com/events/version/version/rb_wixui.thunderbolt_bootstrap.7a36fe10.chunk.min.html]
[www.bahayogi.com/events/version/version/rb_wixui.thunderbolt_bootstrap-responsive.f3ca696f.chunk.min.html]
[www.bahayogi.com/events/version/version/rb_wixui.thunderbolt_bootstrap-responsive.e3671379.chunk.min.html]
[www.bahayogi.com/bookings-checkout/version/decodeURIComponent(e.html]
[www.bahayogi.com/bookings-checkout/version/robots.html]
[www.bahayogi.com/bookings-checkout/version/sitemap.html]
[www.bahayogi.com/bookings-checkout/version/feed.html]
[www.bahayogi.com/bookings-checkout/version.html]
[www.bahayogi.com/bookings-checkout/version/b604fd33.min.html]
[www.bahayogi.com/bookings-checkout/version/9455f099.min.html]
[www.bahayogi.com/bookings-checkout/version/caeea34d.min.html]
[www.bahayogi.com/bookings-checkout/version/99a6a99f.min.html]
[www.bahayogi.com/bookings-checkout/version/7a36fe10.chunk.min.html]
[www.bahayogi.com/bookings-checkout/version/e3671379.chunk.min.html]
[www.bahayogi.com/bookings-checkout/version/rb_wixui.thunderbolt_bootstrap-classic.db545a77.chunk.min.html]
[www.bahayogi.com/bookings-checkout/version/rb_wixui.thunderbolt_bootstrap.8a86afda.chunk.min.html]
[www.bahayogi.com/bookings-checkout/version/rb_wixui.thunderbolt_bootstrap.7a36fe10.chunk.min.html]
[www.bahayogi.com/bookings-checkout/version/rb_wixui.thunderbolt_bootstrap-responsive.f3ca696f.chunk.min.html]
[www.bahayogi.com/bookings-checkout/version/rb_wixui.thunderbolt_bootstrap-responsive.e3671379.chunk.min.html]
[www.bahayogi.com/events/version/version/version/decodeURIComponent(e.html]
[www.bahayogi.com/events/version/version/version/robots.html]
[www.bahayogi.com/events/version/version/version/sitemap.html]
[www.bahayogi.com/events/version/version/version/feed.html]
[www.bahayogi.com/events/version/version/version/b604fd33.min.html]
[www.bahayogi.com/events/version/version/version/9455f099.min.html]
[www.bahayogi.com/events/version/version/version/caeea34d.min.html]
[www.bahayogi.com/events/version/version/version/99a6a99f.min.html]
[www.bahayogi.com/events/version/version/version/7a36fe10.chunk.min.html]
[www.bahayogi.com/events/version/version/version/e3671379.chunk.min.html]
[www.bahayogi.com/events/version/version/version/rb_wixui.thunderbolt_bootstrap-classic.db545a77.chunk.min.html]
[www.bahayogi.com/events/version/version/version/rb_wixui.thunderbolt_bootstrap.8a86afda.chunk.min.html]
[www.bahayogi.com/events/version/version/version/rb_wixui.thunderbolt_bootstrap.7a36fe10.chunk.min.html]
[www.bahayogi.com/events/version/version/version/rb_wixui.thunderbolt_bootstrap-responsive.f3ca696f.chunk.min.html]
[www.bahayogi.com/bookings-checkout/version/version/index.html]
[www.bahayogi.com/events/version/version/version/version/index.html]
[www.bahayogi.com/events/version/version/version/rb_wixui.thunderbolt_bootstrap-responsive.e3671379.chunk.min.html]
[www.bahayogi.com/events/version/version/version/rb_wixui.thunderbolt_bootstrap-responsive.e3671379.chunk.min.html]
[www.bahayogi.com/bookings-checkout/version/version/decodeURIComponent(e.html]
[www.bahayogi.com/bookings-checkout/version/version/robots.html]
[www.bahayogi.com/bookings-checkout/version/version/sitemap.12c.delayed]
[www.bahayogi.com/bookings-checkout/version/version/feed.12d.delayed]
[www.bahayogi.com/bookings-checkout/version/version.html]
[www.bahayogi.com/bookings-checkout/version/version/version/index.html]
[www.bahayogi.com/bookings-checkout/version/version/b604fd33.min.html]
[www.bahayogi.com/bookings-checkout/version/version/9455f099.min.html]
[www.bahayogi.com/bookings-checkout/version/version/caeea34d.min.html]
[www.bahayogi.com/bookings-checkout/version/version/99a6a99f.min.html]
[www.bahayogi.com/bookings-checkout/version/version/7a36fe10.chunk.min.html]
[www.bahayogi.com/bookings-checkout/version/version/e3671379.chunk.min.html]
[www.bahayogi.com/bookings-checkout/version/version/rb_wixui.thunderbolt_bootstrap-classic.db545a77.chunk.min.html]
[www.bahayogi.com/bookings-checkout/version/version/rb_wixui.thunderbolt_bootstrap.8a86afda.chunk.min.html]
[www.bahayogi.com/bookings-checkout/version/version/rb_wixui.thunderbolt_bootstrap.7a36fe10.chunk.min.html]
[www.bahayogi.com/bookings-checkout/version/version/rb_wixui.thunderbolt_bootstrap-responsive.f3ca696f.chunk.min.html]
[www.bahayogi.com/bookings-checkout/version/version/index.html]
[www.bahayogi.com/bookings-checkout/version/version/rb_wixui.thunderbolt_bootstrap-responsive.e3671379.chunk.min.html]
[www.bahayogi.com/events/version/version/version/version/decodeURIComponent(e.html]
[www.bahayogi.com/events/version/version/version/version/robots.html]
[www.bahayogi.com/events/version/version/version/version/sitemap.13c.delayed]
[www.bahayogi.com/events/version/version/version/version/feed.13d.delayed]
[www.bahayogi.com/events/version/version/version/version/b604fd33.min.html]
[www.bahayogi.com/events/version/version/version/version/9455f099.min.html]
[www.bahayogi.com/events/version/version/version/version/caeea34d.min.html]
[www.bahayogi.com/events/version/version/version/version/99a6a99f.min.html]
[www.bahayogi.com/events/version/version/version/version/7a36fe10.chunk.min.html]
[www.bahayogi.com/events/version/version/version/version/e3671379.chunk.min.html]
[www.bahayogi.com/events/version/version/version/version/rb_wixui.thunderbolt_bootstrap-classic.db545a77.chunk.min.html]
[www.bahayogi.com/events/version/version/version/version/rb_wixui.thunderbolt_bootstrap.8a86afda.chunk.min.html]
[www.bahayogi.com/events/version/version/version/version/rb_wixui.thunderbolt_bootstrap.7a36fe10.chunk.min.html]
[www.bahayogi.com/events/version/version/version/version/rb_wixui.thunderbolt_bootstrap-responsive.f3ca696f.chunk.min.html]
[www.bahayogi.com/events/version/version/version/version/index.html]
[www.bahayogi.com/bookings-checkout/version/version/decodeURIComponent(e.html]
[www.bahayogi.com/bookings-checkout/version/version/robots.html]
[www.bahayogi.com/bookings-checkout/version/version/sitemap.html]
[www.bahayogi.com/bookings-checkout/version/version/feed.html]
[www.bahayogi.com/events/version/version/version/version/rb_wixui.thunderbolt_bootstrap-responsive.e3671379.chunk.min.html]
[www.bahayogi.com/bookings-checkout/version/version/version/decodeURIComponent(e.html]
[www.bahayogi.com/bookings-checkout/version/version/version/sitemap.14b.delayed]
[www.bahayogi.com/bookings-checkout/version/version/version/robots.html]
[www.bahayogi.com/bookings-checkout/version/version/version/feed.14c.delayed]
[www.bahayogi.com/bookings-checkout/version/version/version.html]
[www.bahayogi.com/bookings-checkout/version/version/version/version/index.html]
[www.bahayogi.com/bookings-checkout/version/version/version/b604fd33.min.html]
[www.bahayogi.com/bookings-checkout/version/version/version/9455f099.min.html]
[www.bahayogi.com/bookings-checkout/version/version/version/caeea34d.min.html]
[www.bahayogi.com/bookings-checkout/version/version/version/99a6a99f.min.html]
[www.bahayogi.com/bookings-checkout/version/version/version/7a36fe10.chunk.min.html]
[www.bahayogi.com/bookings-checkout/version/version/version/e3671379.chunk.min.html]
[www.bahayogi.com/bookings-checkout/version/version/version/rb_wixui.thunderbolt_bootstrap-classic.db545a77.chunk.min.html]
[www.bahayogi.com/bookings-checkout/version/version/version/rb_wixui.thunderbolt_bootstrap.8a86afda.chunk.min.html]
[www.bahayogi.com/bookings-checkout/version/version/version/rb_wixui.thunderbolt_bootstrap.7a36fe10.chunk.min.html]
[www.bahayogi.com/bookings-checkout/version/version/version/rb_wixui.thunderbolt_bootstrap-responsive.f3ca696f.chunk.min.html]
[www.bahayogi.com/bookings-checkout/version/version/version/index.html]
[www.bahayogi.com/bookings-checkout/version/version.html]
[www.bahayogi.com/bookings-checkout/version/version/b604fd33.min.html]
[www.bahayogi.com/bookings-checkout/version/version/9455f099.min.html]
[www.bahayogi.com/bookings-checkout/version/version/caeea34d.min.html]
[www.bahayogi.com/bookings-checkout/version/version/99a6a99f.min.html]
[www.bahayogi.com/bookings-checkout/version/version/7a36fe10.chunk.min.html]
[www.bahayogi.com/bookings-checkout/version/version/e3671379.chunk.min.html]
[www.bahayogi.com/bookings-checkout/version/version/rb_wixui.thunderbolt_bootstrap-classic.db545a77.chunk.min.html]
[www.bahayogi.com/bookings-checkout/version/version/rb_wixui.thunderbolt_bootstrap.8a86afda.chunk.min.html]
[www.bahayogi.com/bookings-checkout/version/version/rb_wixui.thunderbolt_bootstrap.7a36fe10.chunk.min.html]
[www.bahayogi.com/bookings-checkout/version/version/rb_wixui.thunderbolt_bootstrap-responsive.f3ca696f.chunk.min.html]
[www.bahayogi.com/bookings-checkout/version/version/rb_wixui.thunderbolt_bootstrap-responsive.e3671379.chunk.min.html]
[www.bahayogi.com/events/version/version/version/version/decodeURIComponent(e.html]
[www.bahayogi.com/events/version/version/version/version/robots.html]
[www.bahayogi.com/events/version/version/version/version/sitemap.html]
[www.bahayogi.com/events/version/version/version/version/feed.html]
[www.bahayogi.com/events/version/version/version/version/b604fd33.min.html]
[www.bahayogi.com/events/version/version/version/version/9455f099.min.html]
[www.bahayogi.com/events/version/version/version/version/caeea34d.min.html]
[www.bahayogi.com/events/version/version/version/version/99a6a99f.min.html]
[www.bahayogi.com/events/version/version/version/version/7a36fe10.chunk.min.html]
[www.bahayogi.com/events/version/version/version/version/e3671379.chunk.min.html]
[www.bahayogi.com/events/version/version/version/version/rb_wixui.thunderbolt_bootstrap-classic.db545a77.chunk.min.html]
[www.bahayogi.com/events/version/version/version/version/rb_wixui.thunderbolt_bootstrap.8a86afda.chunk.min.html]
[www.bahayogi.com/events/version/version/version/version/rb_wixui.thunderbolt_bootstrap.7a36fe10.chunk.min.html]
[www.bahayogi.com/events/version/version/version/version/rb_wixui.thunderbolt_bootstrap-responsive.f3ca696f.chunk.min.html]
[www.bahayogi.com/events/version/version/version/version/rb_wixui.thunderbolt_bootstrap-responsive.e3671379.chunk.min.html]
[www.bahayogi.com/bookings-checkout/version/version/version/decodeURIComponent(e.html]
[www.bahayogi.com/bookings-checkout/version/version/version/robots.html]
[www.bahayogi.com/bookings-checkout/version/version/version/sitemap.html]
[www.bahayogi.com/bookings-checkout/version/version/version/feed.html]
[www.bahayogi.com/bookings-checkout/version/version/version/rb_wixui.thunderbolt_bootstrap-responsive.e3671379.chunk.min.html]
[www.bahayogi.com/events/version/version/version/version/version/index.html]
[www.bahayogi.com/bookings-checkout/version/version/version/version/decodeURIComponent(e.html]
[www.bahayogi.com/bookings-checkout/version/version/version/version/robots.html]
[www.bahayogi.com/bookings-checkout/version/version/version/version/sitemap.15b.delayed]
[www.bahayogi.com/bookings-checkout/version/version/version/version/feed.15c.delayed]
[www.bahayogi.com/bookings-checkout/version/version/version/version/version/index.html]
[www.bahayogi.com/bookings-checkout/version/version/version/version.html]
[www.bahayogi.com/bookings-checkout/version/version/version/version/b604fd33.min.html]
[www.bahayogi.com/bookings-checkout/version/version/version/version/9455f099.min.html]
[www.bahayogi.com/bookings-checkout/version/version/version/version/caeea34d.min.html]
[www.bahayogi.com/bookings-checkout/version/version/version/version/99a6a99f.min.html]
[www.bahayogi.com/bookings-checkout/version/version/version/version/7a36fe10.chunk.min.html]
[www.bahayogi.com/bookings-checkout/version/version/version/version/e3671379.chunk.min.html]
[www.bahayogi.com/bookings-checkout/version/version/version/version/rb_wixui.thunderbolt_bootstrap-classic.db545a77.chunk.min.html]
[www.bahayogi.com/bookings-checkout/version/version/version/version/rb_wixui.thunderbolt_bootstrap.8a86afda.chunk.min.html]
[www.bahayogi.com/bookings-checkout/version/version/version/version/rb_wixui.thunderbolt_bootstrap.7a36fe10.chunk.min.html]
[www.bahayogi.com/bookings-checkout/version/version/version/version/rb_wixui.thunderbolt_bootstrap-responsive.f3ca696f.chunk.min.html]
[www.bahayogi.com/bookings-checkout/version/version/version/version/index.html]
[www.bahayogi.com/bookings-checkout/version/version/version.html]
[www.bahayogi.com/bookings-checkout/version/version/version/b604fd33.min.html]
[www.bahayogi.com/bookings-checkout/version/version/version/9455f099.min.html]
[www.bahayogi.com/bookings-checkout/version/version/version/caeea34d.min.html]
[www.bahayogi.com/bookings-checkout/version/version/version/99a6a99f.min.html]
[www.bahayogi.com/bookings-checkout/version/version/version/7a36fe10.chunk.min.html]
[www.bahayogi.com/bookings-checkout/version/version/version/e3671379.chunk.min.html]
[www.bahayogi.com/bookings-checkout/version/version/version/rb_wixui.thunderbolt_bootstrap-classic.db545a77.chunk.min.html]
[www.bahayogi.com/bookings-checkout/version/version/version/rb_wixui.thunderbolt_bootstrap.8a86afda.chunk.min.html]
[www.bahayogi.com/bookings-checkout/version/version/version/rb_wixui.thunderbolt_bootstrap.7a36fe10.chunk.min.html]
[www.bahayogi.com/bookings-checkout/version/version/version/rb_wixui.thunderbolt_bootstrap-responsive.f3ca696f.chunk.min.html]
[www.bahayogi.com/bookings-checkout/version/version/version/rb_wixui.thunderbolt_bootstrap-responsive.e3671379.chunk.min.html]
[www.bahayogi.com/bookings-checkout/version/version/version/version/rb_wixui.thunderbolt_bootstrap-responsive.e3671379.chunk.min.html]
[www.bahayogi.com/events/version/version/version/version/version/decodeURIComponent(e.html]
[www.bahayogi.com/events/version/version/version/version/version/sitemap.16b.delayed]
[www.bahayogi.com/events/version/version/version/version/version/robots.html]
[www.bahayogi.com/events/version/version/version/version/version/feed.16c.delayed]
[www.bahayogi.com/events/version/version/version/version/version/b604fd33.min.html]
[www.bahayogi.com/events/version/version/version/version/version/version/index.html]
[www.bahayogi.com/events/version/version/version/version/version/caeea34d.min.html]
[www.bahayogi.com/events/version/version/version/version/version/9455f099.min.html]
[www.bahayogi.com/events/version/version/version/version/version/99a6a99f.min.html]
[www.bahayogi.com/events/version/version/version/version/version/7a36fe10.chunk.min.html]
[www.bahayogi.com/events/version/version/version/version/version/e3671379.chunk.min.html]
[www.bahayogi.com/events/version/version/version/version/version/rb_wixui.thunderbolt_bootstrap-classic.db545a77.chunk.min.html]
[www.bahayogi.com/events/version/version/version/version/version/rb_wixui.thunderbolt_bootstrap.8a86afda.chunk.min.html]
[www.bahayogi.com/events/version/version/version/version/version/rb_wixui.thunderbolt_bootstrap.7a36fe10.chunk.min.html]
[www.bahayogi.com/events/version/version/version/version/version/rb_wixui.thunderbolt_bootstrap-responsive.f3ca696f.chunk.min.html]
[www.bahayogi.com/events/version/version/version/version/version/index.html]
[www.bahayogi.com/bookings-checkout/version/version/version/version/decodeURIComponent(e.html]
[www.bahayogi.com/bookings-checkout/version/version/version/version/robots.html]
[www.bahayogi.com/bookings-checkout/version/version/version/version/sitemap.html]
[www.bahayogi.com/bookings-checkout/version/version/version/version/feed.html]
[www.bahayogi.com/events/version/version/version/version/version/rb_wixui.thunderbolt_bootstrap-responsive.e3671379.chunk.min.html]
[www.bahayogi.com/bookings-checkout/version/version/version/version/version/decodeURIComponent(e.html]
[www.bahayogi.com/bookings-checkout/version/version/version/version/version/robots.html]
[www.bahayogi.com/bookings-checkout/version/version/version/version/version/sitemap.17a.delayed]
[www.bahayogi.com/bookings-checkout/version/version/version/version/version/feed.17b.delayed]
[www.bahayogi.com/bookings-checkout/version/version/version/version/version/version/index.html]
[www.bahayogi.com/bookings-checkout/version/version/version/version/version.html]
[www.bahayogi.com/bookings-checkout/version/version/version/version/version/b604fd33.min.html]
[www.bahayogi.com/bookings-checkout/version/version/version/version/version/9455f099.min.html]
[www.bahayogi.com/bookings-checkout/version/version/version/version/version/caeea34d.min.html]
[www.bahayogi.com/bookings-checkout/version/version/version/version/version/99a6a99f.min.html]
[www.bahayogi.com/bookings-checkout/version/version/version/version/version/7a36fe10.chunk.min.html]
[www.bahayogi.com/bookings-checkout/version/version/version/version/version/e3671379.chunk.min.html]
[www.bahayogi.com/bookings-checkout/version/version/version/version/version/rb_wixui.thunderbolt_bootstrap-classic.db545a77.chunk.min.html]
[www.bahayogi.com/bookings-checkout/version/version/version/version/version/rb_wixui.thunderbolt_bootstrap.8a86afda.chunk.min.html]
[www.bahayogi.com/bookings-checkout/version/version/version/version/version/rb_wixui.thunderbolt_bootstrap.7a36fe10.chunk.min.html]
[www.bahayogi.com/bookings-checkout/version/version/version/version/version/rb_wixui.thunderbolt_bootstrap-responsive.f3ca696f.chunk.min.html]
[www.bahayogi.com/bookings-checkout/version/version/version/version/version/index.html]
[www.bahayogi.com/bookings-checkout/version/version/version/version.html]
[www.bahayogi.com/bookings-checkout/version/version/version/version/b604fd33.min.html]
[www.bahayogi.com/bookings-checkout/version/version/version/version/9455f099.min.html]
[www.bahayogi.com/bookings-checkout/version/version/version/version/caeea34d.min.html]
[www.bahayogi.com/bookings-checkout/version/version/version/version/99a6a99f.min.html]
[www.bahayogi.com/bookings-checkout/version/version/version/version/7a36fe10.chunk.min.html]
[www.bahayogi.com/bookings-checkout/version/version/version/version/e3671379.chunk.min.html]
[www.bahayogi.com/bookings-checkout/version/version/version/version/rb_wixui.thunderbolt_bootstrap-classic.db545a77.chunk.min.html]
[www.bahayogi.com/bookings-checkout/version/version/version/version/rb_wixui.thunderbolt_bootstrap.8a86afda.chunk.min.html]
[www.bahayogi.com/bookings-checkout/version/version/version/version/rb_wixui.thunderbolt_bootstrap.7a36fe10.chunk.min.html]
[www.bahayogi.com/bookings-checkout/version/version/version/version/rb_wixui.thunderbolt_bootstrap-responsive.f3ca696f.chunk.min.html]
[www.bahayogi.com/bookings-checkout/version/version/version/version/rb_wixui.thunderbolt_bootstrap-responsive.e3671379.chunk.min.html]
[www.bahayogi.com/events/version/version/version/version/version/decodeURIComponent(e.html]
[www.bahayogi.com/events/version/version/version/version/version/robots.html]
[www.bahayogi.com/events/version/version/version/version/version/sitemap.html]
[www.bahayogi.com/events/version/version/version/version/version/feed.html]
[www.bahayogi.com/bookings-checkout/version/version/version/version/version/rb_wixui.thunderbolt_bootstrap-responsive.e3671379.chunk.min.html]
[www.bahayogi.com/events/version/version/version/version/version/version/decodeURIComponent(e.html]
[www.bahayogi.com/events/version/version/version/version/version/version/robots.html]
[www.bahayogi.com/events/version/version/version/version/version/version/sitemap.18a.delayed]
[www.bahayogi.com/events/version/version/version/version/version/version/feed.18b.delayed]
[www.bahayogi.com/events/version/version/version/version/version/version/b604fd33.min.html]
[www.bahayogi.com/events/version/version/version/version/version/version/version/index.html]
[www.bahayogi.com/events/version/version/version/version/version/version/9455f099.min.html]
[www.bahayogi.com/events/version/version/version/version/version/version/caeea34d.min.html]
[www.bahayogi.com/events/version/version/version/version/version/version/99a6a99f.min.html]
[www.bahayogi.com/events/version/version/version/version/version/version/7a36fe10.chunk.min.html]
[www.bahayogi.com/events/version/version/version/version/version/version/e3671379.chunk.min.html]
[www.bahayogi.com/events/version/version/version/version/version/version/rb_wixui.thunderbolt_bootstrap-classic.db545a77.chunk.min.html]
[www.bahayogi.com/events/version/version/version/version/version/version/rb_wixui.thunderbolt_bootstrap.8a86afda.chunk.min.html]
[www.bahayogi.com/events/version/version/version/version/version/version/rb_wixui.thunderbolt_bootstrap.7a36fe10.chunk.min.html]
[www.bahayogi.com/events/version/version/version/version/version/version/rb_wixui.thunderbolt_bootstrap-responsive.f3ca696f.chunk.min.html]
[www.bahayogi.com/events/version/version/version/version/version/version/index.html]
[www.bahayogi.com/events/version/version/version/version/version/b604fd33.min.html]
[www.bahayogi.com/events/version/version/version/version/version/9455f099.min.html]
[www.bahayogi.com/events/version/version/version/version/version/caeea34d.min.html]
[www.bahayogi.com/events/version/version/version/version/version/99a6a99f.min.html]
[www.bahayogi.com/events/version/version/version/version/version/7a36fe10.chunk.min.html]
[www.bahayogi.com/events/version/version/version/version/version/e3671379.chunk.min.html]
[www.bahayogi.com/events/version/version/version/version/version/rb_wixui.thunderbolt_bootstrap-classic.db545a77.chunk.min.html]
[www.bahayogi.com/events/version/version/version/version/version/rb_wixui.thunderbolt_bootstrap.8a86afda.chunk.min.html]
[www.bahayogi.com/events/version/version/version/version/version/rb_wixui.thunderbolt_bootstrap.7a36fe10.chunk.min.html]
[www.bahayogi.com/events/version/version/version/version/version/rb_wixui.thunderbolt_bootstrap-responsive.f3ca696f.chunk.min.html]
[www.bahayogi.com/events/version/version/version/version/version/rb_wixui.thunderbolt_bootstrap-responsive.e3671379.chunk.min.html]
[www.bahayogi.com/bookings-checkout/version/version/version/version/version/decodeURIComponent(e.html]
[www.bahayogi.com/bookings-checkout/version/version/version/version/version/robots.html]
[www.bahayogi.com/bookings-checkout/version/version/version/version/version/sitemap.html]
[www.bahayogi.com/bookings-checkout/version/version/version/version/version/feed.html]
[www.bahayogi.com/events/version/version/version/version/version/version/rb_wixui.thunderbolt_bootstrap-responsive.e3671379.chunk.min.html]
[www.bahayogi.com/bookings-checkout/version/version/version/version/version/version/decodeURIComponent(e.html]
[www.bahayogi.com/bookings-checkout/version/version/version/version/version/version/robots.html]
[www.bahayogi.com/bookings-checkout/version/version/version/version/version/version/sitemap.199.delayed]
[www.bahayogi.com/bookings-checkout/version/version/version/version/version/version/feed.19a.delayed]
[www.bahayogi.com/bookings-checkout/version/version/version/version/version/version.html]
[www.bahayogi.com/bookings-checkout/version/version/version/version/version/version/b604fd33.min.html]
[www.bahayogi.com/bookings-checkout/version/version/version/version/version/version/9455f099.min.html]
[www.bahayogi.com/bookings-checkout/version/version/version/version/version/version/caeea34d.min.html]
[www.bahayogi.com/bookings-checkout/version/version/version/version/version/version/99a6a99f.min.html]
[www.bahayogi.com/bookings-checkout/version/version/version/version/version/version/7a36fe10.chunk.min.html]
[www.bahayogi.com/bookings-checkout/version/version/version/version/version/version/e3671379.chunk.min.html]
[www.bahayogi.com/bookings-checkout/version/version/version/version/version/version/rb_wixui.thunderbolt_bootstrap-classic.db545a77.chunk.min.html]
[www.bahayogi.com/bookings-checkout/version/version/version/version/version/version/rb_wixui.thunderbolt_bootstrap.8a86afda.chunk.min.html]
[www.bahayogi.com/bookings-checkout/version/version/version/version/version/version/rb_wixui.thunderbolt_bootstrap.7a36fe10.chunk.min.html]
[www.bahayogi.com/bookings-checkout/version/version/version/version/version/version/rb_wixui.thunderbolt_bootstrap-responsive.f3ca696f.chunk.min.html]
[www.bahayogi.com/bookings-checkout/version/version/version/version/version/version/index.html]
[www.bahayogi.com/bookings-checkout/version/version/version/version/version.html]
[www.bahayogi.com/bookings-checkout/version/version/version/version/version/b604fd33.min.html]
[www.bahayogi.com/bookings-checkout/version/version/version/version/version/9455f099.min.html]
[www.bahayogi.com/bookings-checkout/version/version/version/version/version/caeea34d.min.html]
[www.bahayogi.com/bookings-checkout/version/version/version/version/version/99a6a99f.min.html]
[www.bahayogi.com/bookings-checkout/version/version/version/version/version/7a36fe10.chunk.min.html]
[www.bahayogi.com/bookings-checkout/version/version/version/version/version/e3671379.chunk.min.html]
[www.bahayogi.com/bookings-checkout/version/version/version/version/version/rb_wixui.thunderbolt_bootstrap-classic.db545a77.chunk.min.html]
[www.bahayogi.com/bookings-checkout/version/version/version/version/version/rb_wixui.thunderbolt_bootstrap.8a86afda.chunk.min.html]
[www.bahayogi.com/bookings-checkout/version/version/version/version/version/rb_wixui.thunderbolt_bootstrap.7a36fe10.chunk.min.html]
[www.bahayogi.com/bookings-checkout/version/version/version/version/version/rb_wixui.thunderbolt_bootstrap-responsive.f3ca696f.chunk.min.html]
[www.bahayogi.com/bookings-checkout/version/version/version/version/version/rb_wixui.thunderbolt_bootstrap-responsive.e3671379.chunk.min.html]
[www.bahayogi.com/events/version/version/version/version/version/version/decodeURIComponent(e.html]
[www.bahayogi.com/events/version/version/version/version/version/version/robots.html]
[www.bahayogi.com/events/version/version/version/version/version/version/sitemap.html]
[www.bahayogi.com/events/version/version/version/version/version/version/feed.html]
[www.bahayogi.com/bookings-checkout/version/version/version/version/version/version/rb_wixui.thunderbolt_bootstrap-responsive.e3671379.chunk.min.html]
[www.bahayogi.com/events/version/version/version/version/version/version/version/decodeURIComponent(e.html]
[www.bahayogi.com/events/version/version/version/version/version/version/version/sitemap.1a9.delayed]
[www.bahayogi.com/events/version/version/version/version/version/version/version/robots.html]
[www.bahayogi.com/events/version/version/version/version/version/version/version/feed.1aa.delayed]
[www.bahayogi.com/events/version/version/version/version/version/version/version/b604fd33.min.html]
[www.bahayogi.com/events/version/version/version/version/version/version/version/version/index.html]
[www.bahayogi.com/events/version/version/version/version/version/version/version/9455f099.min.html]
[www.bahayogi.com/events/version/version/version/version/version/version/version/caeea34d.min.html]
[www.bahayogi.com/events/version/version/version/version/version/version/version/99a6a99f.min.html]
[www.bahayogi.com/events/version/version/version/version/version/version/version/7a36fe10.chunk.min.html]
[www.bahayogi.com/events/version/version/version/version/version/version/version/e3671379.chunk.min.html]
[www.bahayogi.com/events/version/version/version/version/version/version/version/rb_wixui.thunderbolt_bootstrap-classic.db545a77.chunk.min.html]
[www.bahayogi.com/events/version/version/version/version/version/version/version/rb_wixui.thunderbolt_bootstrap.8a86afda.chunk.min.html]
[www.bahayogi.com/events/version/version/version/version/version/version/version/rb_wixui.thunderbolt_bootstrap.7a36fe10.chunk.min.html]
[www.bahayogi.com/events/version/version/version/version/version/version/version/rb_wixui.thunderbolt_bootstrap-responsive.f3ca696f.chunk.min.html]
[www.bahayogi.com/events/version/version/version/version/version/version/version/index.html]
[www.bahayogi.com/events/version/version/version/version/version/version/b604fd33.min.html]
[www.bahayogi.com/events/version/version/version/version/version/version/9455f099.min.html]
[www.bahayogi.com/events/version/version/version/version/version/version/caeea34d.min.html]
[www.bahayogi.com/events/version/version/version/version/version/version/99a6a99f.min.html]
[www.bahayogi.com/events/version/version/version/version/version/version/7a36fe10.chunk.min.html]
[www.bahayogi.com/events/version/version/version/version/version/version/e3671379.chunk.min.html]
[www.bahayogi.com/events/version/version/version/version/version/version/rb_wixui.thunderbolt_bootstrap-classic.db545a77.chunk.min.html]
[www.bahayogi.com/events/version/version/version/version/version/version/rb_wixui.thunderbolt_bootstrap.8a86afda.chunk.min.html]
[www.bahayogi.com/events/version/version/version/version/version/version/rb_wixui.thunderbolt_bootstrap.7a36fe10.chunk.min.html]
[www.bahayogi.com/events/version/version/version/version/version/version/rb_wixui.thunderbolt_bootstrap-responsive.f3ca696f.chunk.min.html]
[www.bahayogi.com/events/version/version/version/version/version/version/rb_wixui.thunderbolt_bootstrap-responsive.e3671379.chunk.min.html]
[www.bahayogi.com/bookings-checkout/version/version/version/version/version/version/decodeURIComponent(e.html]
[www.bahayogi.com/bookings-checkout/version/version/version/version/version/version/robots.html]
[www.bahayogi.com/bookings-checkout/version/version/version/version/version/version/sitemap.html]
[www.bahayogi.com/bookings-checkout/version/version/version/version/version/version/feed.html]
[www.bahayogi.com/bookings-checkout/version/version/version/version/version/version.html]
[www.bahayogi.com/bookings-checkout/version/version/version/version/version/version/b604fd33.min.html]
[www.bahayogi.com/bookings-checkout/version/version/version/version/version/version/9455f099.min.html]
[www.bahayogi.com/bookings-checkout/version/version/version/version/version/version/caeea34d.min.html]
[www.bahayogi.com/bookings-checkout/version/version/version/version/version/version/99a6a99f.min.html]
[www.bahayogi.com/bookings-checkout/version/version/version/version/version/version/7a36fe10.chunk.min.html]
[www.bahayogi.com/bookings-checkout/version/version/version/version/version/version/e3671379.chunk.min.html]
[www.bahayogi.com/bookings-checkout/version/version/version/version/version/version/rb_wixui.thunderbolt_bootstrap-classic.db545a77.chunk.min.html]
[www.bahayogi.com/bookings-checkout/version/version/version/version/version/version/rb_wixui.thunderbolt_bootstrap.8a86afda.chunk.min.html]
[www.bahayogi.com/bookings-checkout/version/version/version/version/version/version/rb_wixui.thunderbolt_bootstrap.7a36fe10.chunk.min.html]
[www.bahayogi.com/bookings-checkout/version/version/version/version/version/version/rb_wixui.thunderbolt_bootstrap-responsive.f3ca696f.chunk.min.html]
[www.bahayogi.com/bookings-checkout/version/version/version/version/version/version/rb_wixui.thunderbolt_bootstrap-responsive.e3671379.chunk.min.html]
[www.bahayogi.com/events/version/version/version/version/version/version/version/decodeURIComponent(e.html]
[www.bahayogi.com/events/version/version/version/version/version/version/version/robots.html]
[www.bahayogi.com/events/version/version/version/version/version/version/version/sitemap.html]
[www.bahayogi.com/events/version/version/version/version/version/version/version/feed.html]
[www.bahayogi.com/events/version/version/version/version/version/version/version/rb_wixui.thunderbolt_bootstrap-responsive.e3671379.chunk.min.html]
[www.bahayogi.com/bookings-checkout/version/version/version/version/version/version/version/index.html]
[www.bahayogi.com/events/version/version/version/version/version/version/version/version/decodeURIComponent(e.html]
[www.bahayogi.com/events/version/version/version/version/version/version/version/version/sitemap.1b8.delayed]
[www.bahayogi.com/events/version/version/version/version/version/version/version/version/feed.1b9.delayed]
[www.bahayogi.com/events/version/version/version/version/version/version/version/version/robots.html]
[www.bahayogi.com/events/version/version/version/version/version/version/version/version/b604fd33.min.html]
[www.bahayogi.com/events/version/version/version/version/version/version/version/version/9455f099.min.html]
[www.bahayogi.com/events/version/version/version/version/version/version/version/version/caeea34d.min.html]
[www.bahayogi.com/events/version/version/version/version/version/version/version/version/99a6a99f.min.html]
[www.bahayogi.com/events/version/version/version/version/version/version/version/version/7a36fe10.chunk.min.html]
[www.bahayogi.com/events/version/version/version/version/version/version/version/version/e3671379.chunk.min.html]
[www.bahayogi.com/events/version/version/version/version/version/version/version/version/rb_wixui.thunderbolt_bootstrap-classic.db545a77.chunk.min.html]
[www.bahayogi.com/events/version/version/version/version/version/version/version/version/rb_wixui.thunderbolt_bootstrap.8a86afda.chunk.min.html]
[www.bahayogi.com/events/version/version/version/version/version/version/version/version/rb_wixui.thunderbolt_bootstrap.7a36fe10.chunk.min.html]
[www.bahayogi.com/events/version/version/version/version/version/version/version/version/rb_wixui.thunderbolt_bootstrap-responsive.f3ca696f.chunk.min.html]
[www.bahayogi.com/events/version/version/version/version/version/version/version/version/index.html]
[www.bahayogi.com/events/version/version/version/version/version/version/version/b604fd33.min.html]
[www.bahayogi.com/events/version/version/version/version/version/version/version/9455f099.min.html]
[www.bahayogi.com/events/version/version/version/version/version/version/version/caeea34d.min.html]
[www.bahayogi.com/events/version/version/version/version/version/version/version/99a6a99f.min.html]
[www.bahayogi.com/events/version/version/version/version/version/version/version/7a36fe10.chunk.min.html]
[www.bahayogi.com/events/version/version/version/version/version/version/version/e3671379.chunk.min.html]
[www.bahayogi.com/events/version/version/version/version/version/version/version/rb_wixui.thunderbolt_bootstrap-classic.db545a77.chunk.min.html]
[www.bahayogi.com/events/version/version/version/version/version/version/version/rb_wixui.thunderbolt_bootstrap.8a86afda.chunk.min.html]
[www.bahayogi.com/events/version/version/version/version/version/version/version/rb_wixui.thunderbolt_bootstrap.7a36fe10.chunk.min.html]
[www.bahayogi.com/events/version/version/version/version/version/version/version/rb_wixui.thunderbolt_bootstrap-responsive.f3ca696f.chunk.min.html]
[www.bahayogi.com/events/version/version/version/version/version/version/version/rb_wixui.thunderbolt_bootstrap-responsive.e3671379.chunk.min.html]
[www.bahayogi.com/events/version/version/version/version/version/version/version/version/rb_wixui.thunderbolt_bootstrap-responsive.e3671379.chunk.min.html]
[www.bahayogi.com/bookings-checkout/version/version/version/version/version/version/version/decodeURIComponent(e.html]
[www.bahayogi.com/bookings-checkout/version/version/version/version/version/version/version/robots.html]
[www.bahayogi.com/bookings-checkout/version/version/version/version/version/version/version/sitemap.1c7.delayed]
[www.bahayogi.com/bookings-checkout/version/version/version/version/version/version/version/feed.1c8.delayed]
[www.bahayogi.com/bookings-checkout/version/version/version/version/version/version/version/version/index.html]
[www.bahayogi.com/bookings-checkout/version/version/version/version/version/version/version.html]
[www.bahayogi.com/bookings-checkout/version/version/version/version/version/version/version/b604fd33.min.html]
[www.bahayogi.com/bookings-checkout/version/version/version/version/version/version/version/9455f099.min.html]
[www.bahayogi.com/bookings-checkout/version/version/version/version/version/version/version/caeea34d.min.html]
[www.bahayogi.com/bookings-checkout/version/version/version/version/version/version/version/99a6a99f.min.html]
[www.bahayogi.com/bookings-checkout/version/version/version/version/version/version/version/7a36fe10.chunk.min.html]
[www.bahayogi.com/bookings-checkout/version/version/version/version/version/version/version/e3671379.chunk.min.html]
[www.bahayogi.com/bookings-checkout/version/version/version/version/version/version/version/rb_wixui.thunderbolt_bootstrap-classic.db545a77.chunk.min.html]
[www.bahayogi.com/bookings-checkout/version/version/version/version/version/version/version/rb_wixui.thunderbolt_bootstrap.8a86afda.chunk.min.html]
[www.bahayogi.com/bookings-checkout/version/version/version/version/version/version/version/index.html]
[www.bahayogi.com/events/version/version/version/version/version/version/version/version/decodeURIComponent(e.html]
[www.bahayogi.com/events/version/version/version/version/version/version/version/version/robots.html]
[www.bahayogi.com/events/version/version/version/version/version/version/version/version/sitemap.html]
[www.bahayogi.com/events/version/version/version/version/version/version/version/version/feed.html]
[www.bahayogi.com/events/version/version/version/version/version/version/version/version/b604fd33.min.html]
[www.bahayogi.com/bookings-checkout/version/version/version/version/version/version/version/rb_wixui.thunderbolt_bootstrap.7a36fe10.chunk.min.html]
[www.bahayogi.com/events/version/version/version/version/version/version/version/version/9455f099.min.html]
[www.bahayogi.com/events/version/version/version/version/version/version/version/version/caeea34d.min.html]
[www.bahayogi.com/events/version/version/version/version/version/version/version/version/99a6a99f.min.html]
[www.bahayogi.com/events/version/version/version/version/version/version/version/version/7a36fe10.chunk.min.html]
[www.bahayogi.com/events/version/version/version/version/version/version/version/version/e3671379.chunk.min.html]
[www.bahayogi.com/events/version/version/version/version/version/version/version/version/rb_wixui.thunderbolt_bootstrap-classic.db545a77.chunk.min.html]
[www.bahayogi.com/bookings-checkout/version/version/version/version/version/version/version/rb_wixui.thunderbolt_bootstrap-responsive.e3671379.chunk.min.1d4.delaye]
[www.bahayogi.com/events/version/version/version/version/version/version/version/version/rb_wixui.thunderbolt_bootstrap.8a86afda.chunk.min.html]
[www.bahayogi.com/events/version/version/version/version/version/version/version/version/rb_wixui.thunderbolt_bootstrap.7a36fe10.chunk.min.html]
[www.bahayogi.com/events/version/version/version/version/version/version/version/version/rb_wixui.thunderbolt_bootstrap-responsive.f3ca696f.chunk.min.html]
[www.bahayogi.com/events/version/version/version/version/version/version/version/version/rb_wixui.thunderbolt_bootstrap-responsive.e3671379.chunk.min.html]
[www.bahayogi.com/bookings-checkout/version/version/version/version/version/version/version/decodeURIComponent(e.html]
[www.bahayogi.com/bookings-checkout/version/version/version/version/version/version/version/robots.html]
[www.bahayogi.com/bookings-checkout/version/version/version/version/version/version/version/sitemap.html]
[www.bahayogi.com/bookings-checkout/version/version/version/version/version/version/version/feed.html]
[www.bahayogi.com/events/version/version/version/version/version/version/version/version/version/index.html]
[www.bahayogi.com/bookings-checkout/version/version/version/version/version/version/version/rb_wixui.thunderbolt_bootstrap-responsive.f3ca696f.chunk.min.1d3.delaye]
[www.bahayogi.com/bookings-checkout/version/version/version/version/version/version/version/version/decodeURIComponent(e.html]
[www.bahayogi.com/bookings-checkout/version/version/version/version/version/version/version/version/robots.html]
[www.bahayogi.com/bookings-checkout/version/version/version/version/version/version/version/version/sitemap.1d7.delayed]
[www.bahayogi.com/bookings-checkout/version/version/version/version/version/version/version/version/feed.1d8.delayed]
[www.bahayogi.com/bookings-checkout/version/version/version/version/version/version/version/version.html]
[www.bahayogi.com/bookings-checkout/version/version/version/version/version/version/version/version/version/index.html]
[www.bahayogi.com/bookings-checkout/version/version/version/version/version/version/version/version/b604fd33.min.html]
[www.bahayogi.com/bookings-checkout/version/version/version/version/version/version/version/version/9455f099.min.html]
[www.bahayogi.com/bookings-checkout/version/version/version/version/version/version/version/version/caeea34d.min.html]
[www.bahayogi.com/bookings-checkout/version/version/version/version/version/version/version/version/99a6a99f.min.html]
[www.bahayogi.com/bookings-checkout/version/version/version/version/version/version/version/version/7a36fe10.chunk.min.html]
[www.bahayogi.com/bookings-checkout/version/version/version/version/version/version/version/version/e3671379.chunk.min.html]
[www.bahayogi.com/bookings-checkout/version/version/version/version/version/version/version/version/rb_wixui.thunderbolt_bootstrap.8a86afda.chunk.min.html]
[www.bahayogi.com/bookings-checkout/version/version/version/version/version/version/version/version/index.html]
[www.bahayogi.com/bookings-checkout/version/version/version/version/version/version/version/version/rb_wixui.thunderbolt_bootstrap-classic.db545a77.chunk.min.1e0.d]
[www.bahayogi.com/bookings-checkout/version/version/version/version/version/version/version.html]
[www.bahayogi.com/bookings-checkout/version/version/version/version/version/version/version/b604fd33.min.html]
[www.bahayogi.com/bookings-checkout/version/version/version/version/version/version/version/9455f099.min.html]
[www.bahayogi.com/bookings-checkout/version/version/version/version/version/version/version/caeea34d.min.html]
[www.bahayogi.com/bookings-checkout/version/version/version/version/version/version/version/99a6a99f.min.html]
[www.bahayogi.com/bookings-checkout/version/version/version/version/version/version/version/7a36fe10.chunk.min.html]
[www.bahayogi.com/bookings-checkout/version/version/version/version/version/version/version/e3671379.chunk.min.html]
[www.bahayogi.com/bookings-checkout/version/version/version/version/version/version/version/rb_wixui.thunderbolt_bootstrap-classic.db545a77.chunk.min.html]
[www.bahayogi.com/bookings-checkout/version/version/version/version/version/version/version/rb_wixui.thunderbolt_bootstrap.8a86afda.chunk.min.html]
[www.bahayogi.com/bookings-checkout/version/version/version/version/version/version/version/rb_wixui.thunderbolt_bootstrap.7a36fe10.chunk.min.html]
[www.bahayogi.com/bookings-checkout/version/version/version/version/version/version/version/rb_wixui.thunderbolt_bootstrap-responsive.f3ca696f.chunk.min.1d3.delaye]
[www.bahayogi.com/bookings-checkout/version/version/version/version/version/version/version/rb_wixui.thunderbolt_bootstrap-responsive.e3671379.chunk.min.1d4.delaye]
[www.bahayogi.com/bookings-checkout/version/version/version/version/version/version/version/version/rb_wixui.thunderbolt_bootstrap-responsive.f3ca696f.chunk.min.1e]
[www.bahayogi.com/bookings-checkout/version/version/version/version/version/version/version/version/rb_wixui.thunderbolt_bootstrap-responsive.e3671379.chunk.min.1e]
[www.bahayogi.com/bookings-checkout/version/version/version/version/version/version/version/version/rb_wixui.thunderbolt_bootstrap.7a36fe10.chunk.min.html]
[www.bahayogi.com/events/version/version/version/version/version/version/version/version/version/decodeURIComponent(e.html]
[www.bahayogi.com/events/version/version/version/version/version/version/version/version/version/sitemap.1e7.delayed]
[www.bahayogi.com/events/version/version/version/version/version/version/version/version/version/robots.html]
[www.bahayogi.com/events/version/version/version/version/version/version/version/version/version/feed.1e8.delayed]
[www.bahayogi.com/events/version/version/version/version/version/version/version/version/version/b604fd33.min.html]
[www.bahayogi.com/events/version/version/version/version/version/version/version/version/version/9455f099.min.html]
[www.bahayogi.com/events/version/version/version/version/version/version/version/version/version/caeea34d.min.html]
[www.bahayogi.com/events/version/version/version/version/version/version/version/version/version/99a6a99f.min.html]
[www.bahayogi.com/events/version/version/version/version/version/version/version/version/version/7a36fe10.chunk.min.html]
[www.bahayogi.com/events/version/version/version/version/version/version/version/version/version/e3671379.chunk.min.html]
[www.bahayogi.com/events/version/version/version/version/version/version/version/version/version/rb_wixui.thunderbolt_bootstrap.8a86afda.chunk.min.html]
[www.bahayogi.com/events/version/version/version/version/version/version/version/version/version/index.html]
[www.bahayogi.com/events/version/version/version/version/version/version/version/version/version/rb_wixui.thunderbolt_bootstrap-classic.db545a77.chunk.min.1ef.dela]
[www.bahayogi.com/bookings-checkout/version/version/version/version/version/version/version/version/decodeURIComponent(e.html]
[www.bahayogi.com/bookings-checkout/version/version/version/version/version/version/version/version/robots.html]
[www.bahayogi.com/bookings-checkout/version/version/version/version/version/version/version/version/sitemap.html]
[www.bahayogi.com/bookings-checkout/version/version/version/version/version/version/version/version/feed.html]
[www.bahayogi.com/events/version/version/version/version/version/version/version/version/version/rb_wixui.thunderbolt_bootstrap-responsive.e3671379.chunk.min.1f3.d]
[www.bahayogi.com/events/version/version/version/version/version/version/version/version/version/rb_wixui.thunderbolt_bootstrap.7a36fe10.chunk.min.html]
[www.bahayogi.com/events/version/version/version/version/version/version/version/version/version/rb_wixui.thunderbolt_bootstrap-responsive.f3ca696f.chunk.min.1f2.d]
[www.bahayogi.com/bookings-checkout/version/version/version/version/version/version/version/version/version/decodeURIComponent(e.html]
[www.bahayogi.com/bookings-checkout/version/version/version/version/version/version/version/version/version/robots.html]
[www.bahayogi.com/bookings-checkout/version/version/version/version/version/version/version/version/version/sitemap.1f6.delayed]
[www.bahayogi.com/bookings-checkout/version/version/version/version/version/version/version/version/version/feed.1f7.delayed]
[www.bahayogi.com/bookings-checkout/version/version/version/version/version/version/version/version/version.html]
[www.bahayogi.com/bookings-checkout/version/version/version/version/version/version/version/version/version/b604fd33.min.html]
[www.bahayogi.com/bookings-checkout/version/version/version/version/version/version/version/version/version/9455f099.min.html]
[www.bahayogi.com/bookings-checkout/version/version/version/version/version/version/version/version/version/caeea34d.min.html]
[www.bahayogi.com/bookings-checkout/version/version/version/version/version/version/version/version/version/99a6a99f.min.html]
[www.bahayogi.com/bookings-checkout/version/version/version/version/version/version/version/version/version/7a36fe10.chunk.min.html]
[www.bahayogi.com/bookings-checkout/version/version/version/version/version/version/version/version/version/index.html]
[www.bahayogi.com/bookings-checkout/version/version/version/version/version/version/version/version.html]
